
Optional file libmchp_peripheral.a not found

Optional file libmchp_peripheral_32MX320F128H.a not found
Archive member included to satisfy reference by file (symbol)

e:/programs/microchip/xc32/v4.00/bin/bin/../../lib/gcc/pic32mx/8.3.1\libgcc.a(floatunsisf.o)
                              build/default/production/_ext/1053023675/AD.o (__floatunsisf)
e:/programs/microchip/xc32/v4.00/bin/bin/../../lib/gcc/pic32mx/8.3.1/../../../../pic32mx/lib\libpic32.a(default-bootstrap-exception-handler.o)
                              C:\Users\15105\AppData\Local\Temp\cc3IbeSA.o (_bootstrap_exception_handler)
e:/programs/microchip/xc32/v4.00/bin/bin/../../lib/gcc/pic32mx/8.3.1/../../../../pic32mx/lib\libpic32.a(default-on-reset.o)
                              C:\Users\15105\AppData\Local\Temp\cc3IbeSA.o (_on_reset)
e:/programs/microchip/xc32/v4.00/bin/bin/../../lib/gcc/pic32mx/8.3.1/../../../../pic32mx/lib\libpic32.a(default-on-bootstrap.o)
                              C:\Users\15105\AppData\Local\Temp\cc3IbeSA.o (_on_bootstrap)
e:/programs/microchip/xc32/v4.00/bin/bin/../../lib/gcc/pic32mx/8.3.1/../../../../pic32mx/lib\libpic32.a(default-nmi-handler.o)
                              C:\Users\15105\AppData\Local\Temp\cc3IbeSA.o (_nmi_handler)
e:/programs/microchip/xc32/v4.00/bin/bin/../../lib/gcc/pic32mx/8.3.1/../../../../pic32mx/lib\libpic32.a(pic32_data_init.o)
                              C:\Users\15105\AppData\Local\Temp\cc3IbeSA.o (__pic32_data_init)
e:/programs/microchip/xc32/v4.00/bin/bin/../../lib/gcc/pic32mx/8.3.1/../../../../pic32mx/lib\libpic32.a(general-exception.o)
                              C:\Users\15105\AppData\Local\Temp\cc3IbeSA.o (_general_exception_context)
e:/programs/microchip/xc32/v4.00/bin/bin/../../lib/gcc/pic32mx/8.3.1/../../../../pic32mx/lib\libpic32.a(vector0.o)
                              C:\Users\15105\AppData\Local\Temp\cc5hheUd.o (__vector_dispatch_0)
e:/programs/microchip/xc32/v4.00/bin/bin/../../lib/gcc/pic32mx/8.3.1/../../../../pic32mx/lib\libpic32.a(vector1.o)
                              C:\Users\15105\AppData\Local\Temp\cc5hheUd.o (__vector_dispatch_1)
e:/programs/microchip/xc32/v4.00/bin/bin/../../lib/gcc/pic32mx/8.3.1/../../../../pic32mx/lib\libpic32.a(vector2.o)
                              C:\Users\15105\AppData\Local\Temp\cc5hheUd.o (__vector_dispatch_2)
e:/programs/microchip/xc32/v4.00/bin/bin/../../lib/gcc/pic32mx/8.3.1/../../../../pic32mx/lib\libpic32.a(vector3.o)
                              C:\Users\15105\AppData\Local\Temp\cc5hheUd.o (__vector_dispatch_3)
e:/programs/microchip/xc32/v4.00/bin/bin/../../lib/gcc/pic32mx/8.3.1/../../../../pic32mx/lib\libpic32.a(vector5.o)
                              C:\Users\15105\AppData\Local\Temp\cc5hheUd.o (__vector_dispatch_5)
e:/programs/microchip/xc32/v4.00/bin/bin/../../lib/gcc/pic32mx/8.3.1/../../../../pic32mx/lib\libpic32.a(vector6.o)
                              C:\Users\15105\AppData\Local\Temp\cc5hheUd.o (__vector_dispatch_6)
e:/programs/microchip/xc32/v4.00/bin/bin/../../lib/gcc/pic32mx/8.3.1/../../../../pic32mx/lib\libpic32.a(vector7.o)
                              C:\Users\15105\AppData\Local\Temp\cc5hheUd.o (__vector_dispatch_7)
e:/programs/microchip/xc32/v4.00/bin/bin/../../lib/gcc/pic32mx/8.3.1/../../../../pic32mx/lib\libpic32.a(vector8.o)
                              C:\Users\15105\AppData\Local\Temp\cc5hheUd.o (__vector_dispatch_8)
e:/programs/microchip/xc32/v4.00/bin/bin/../../lib/gcc/pic32mx/8.3.1/../../../../pic32mx/lib\libpic32.a(vector9.o)
                              C:\Users\15105\AppData\Local\Temp\cc5hheUd.o (__vector_dispatch_9)
e:/programs/microchip/xc32/v4.00/bin/bin/../../lib/gcc/pic32mx/8.3.1/../../../../pic32mx/lib\libpic32.a(vector10.o)
                              C:\Users\15105\AppData\Local\Temp\cc5hheUd.o (__vector_dispatch_10)
e:/programs/microchip/xc32/v4.00/bin/bin/../../lib/gcc/pic32mx/8.3.1/../../../../pic32mx/lib\libpic32.a(vector11.o)
                              C:\Users\15105\AppData\Local\Temp\cc5hheUd.o (__vector_dispatch_11)
e:/programs/microchip/xc32/v4.00/bin/bin/../../lib/gcc/pic32mx/8.3.1/../../../../pic32mx/lib\libpic32.a(vector12.o)
                              C:\Users\15105\AppData\Local\Temp\cc5hheUd.o (__vector_dispatch_12)
e:/programs/microchip/xc32/v4.00/bin/bin/../../lib/gcc/pic32mx/8.3.1/../../../../pic32mx/lib\libpic32.a(vector13.o)
                              C:\Users\15105\AppData\Local\Temp\cc5hheUd.o (__vector_dispatch_13)
e:/programs/microchip/xc32/v4.00/bin/bin/../../lib/gcc/pic32mx/8.3.1/../../../../pic32mx/lib\libpic32.a(vector14.o)
                              C:\Users\15105\AppData\Local\Temp\cc5hheUd.o (__vector_dispatch_14)
e:/programs/microchip/xc32/v4.00/bin/bin/../../lib/gcc/pic32mx/8.3.1/../../../../pic32mx/lib\libpic32.a(vector15.o)
                              C:\Users\15105\AppData\Local\Temp\cc5hheUd.o (__vector_dispatch_15)
[...]
Memory Configuration

Name             Origin             Length             Attributes
kseg0_program_mem 0x000000009d002000 0x000000000001d000 xr
kseg0_boot_mem   0x000000009d000490 0x0000000000000970
exception_mem    0x000000009d001000 0x0000000000001000
kseg1_boot_mem   0x00000000bd000000 0x0000000000000490
debug_exec_mem   0x00000000bfc02000 0x0000000000000ff0
config3          0x00000000bfc02ff0 0x0000000000000004
config2          0x00000000bfc02ff4 0x0000000000000004
config1          0x00000000bfc02ff8 0x0000000000000004
config0          0x00000000bfc02ffc 0x0000000000000004
kseg1_data_mem   0x00000000a0000000 0x0000000000004000 w !x
sfrs             0x00000000bf800000 0x0000000000100000
configsfrs       0x00000000bfc02ff0 0x0000000000000010
*default*        0x0000000000000000 0xffffffffffffffff

Linker script and memory map

LOAD e:/programs/microchip/xc32/v4.00/bin/bin/../../lib/gcc/pic32mx/8.3.1/../../../../pic32mx/lib\debug-exception-return.o
LOAD build/default/production/Movement.o
LOAD build/default/production/BumperService.o
LOAD build/default/production/TemplateEventChecker.o
LOAD build/default/production/TapeSensorService.o
LOAD build/default/production/ES_Main.o
LOAD build/default/production/_ext/1053023675/AD.o
LOAD build/default/production/_ext/1053023675/BOARD.o
LOAD build/default/production/_ext/1053023675/ES_CheckEvents.o
LOAD build/default/production/_ext/1053023675/ES_Framework.o
LOAD build/default/production/_ext/1053023675/ES_KeyboardInput.o
LOAD build/default/production/_ext/1053023675/ES_PostList.o
LOAD build/default/production/_ext/1053023675/ES_Queue.o
LOAD build/default/production/_ext/1053023675/ES_TattleTale.o
LOAD build/default/production/_ext/1053023675/ES_Timers.o
LOAD build/default/production/_ext/1053023675/IO_Ports.o
LOAD build/default/production/_ext/1053023675/LED.o
LOAD build/default/production/_ext/1053023675/RC_Servo.o
LOAD build/default/production/_ext/1053023675/pwm.o
LOAD build/default/production/_ext/1053023675/serial.o
LOAD build/default/production/_ext/1053023675/timers.o
LOAD build/default/production/BeaconService.o
LOAD build/default/production/HSM.o
LOAD build/default/production/StartSubHSM.o
LOAD build/default/production/ShootOn1SubHSM.o
LOAD build/default/production/FireSubHSM.o
LOAD build/default/production/ShootOn2SubHSM.o
LOAD build/default/production/ReloadSubHSM.o
                0x0000000000000001                __MPLAB_BUILD = 0x1
                0x0000000000000400                PROVIDE (_min_stack_size = 0x400)
START GROUP
LOAD libmchp_peripheral.a
END GROUP
START GROUP
LOAD libmchp_peripheral_32MX320F128H.a
END GROUP
                0x0000000000000001                PROVIDE (_vector_spacing = 0x1)
                0x000000009d001000                _ebase_address = 0x9d001000
                0x00000000bd000000                _RESET_ADDR = 0xbd000000
                0x00000000bd000380                _BEV_EXCPT_ADDR = 0xbd000380
                0x00000000bd000480                _DBG_EXCPT_ADDR = 0xbd000480
                0x00000000bfc02000                _DBG_CODE_ADDR = 0xbfc02000
                0x0000000000000ff0                _DBG_CODE_SIZE = 0xff0
                0x000000009d001180                _GEN_EXCPT_ADDR = (_ebase_address + 0x180)

.config_BFC02FF0
 *(.config_BFC02FF0)

.config_BFC02FF4
 *(.config_BFC02FF4)

.config_BFC02FF8
 *(.config_BFC02FF8)

.config_BFC02FFC
 *(.config_BFC02FFC)
                [!provide]                        PROVIDE (_DBG_CODE_ADDR = 0xbfc02000)
                [!provide]                        PROVIDE (_DBG_CODE_SIZE = 0xff0)

.reset          0x00000000bd000000      0x19c
 *(.reset)
 .reset         0x00000000bd000000        0x8 C:\Users\15105\AppData\Local\Temp\cc3IbeSA.o
                0x00000000bd000000                _reset
 *(.reset.startup)
 .reset.startup
                0x00000000bd000008      0x194 C:\Users\15105\AppData\Local\Temp\cc3IbeSA.o
                0x00000000bd000008                _startup

.bev_excpt      0x00000000bd000380       0x10
 *(.bev_handler)
 .bev_handler   0x00000000bd000380       0x10 C:\Users\15105\AppData\Local\Temp\cc3IbeSA.o

.dbg_excpt      0x00000000bd000480        0x0
                0x00000000bd000480                . = (. + DEFINED (_DEBUGGER)?0x8:0x0)

.dbg_code       0x00000000bfc02000        0x0
                0x00000000bfc02000                . = (. + DEFINED (_DEBUGGER)?_DBG_CODE_SIZE:0x0)

.app_excpt      0x000000009d001180       0x10
 *(.gen_handler)
 .gen_handler   0x000000009d001180       0x10 C:\Users\15105\AppData\Local\Temp\cc3IbeSA.o

.vector_0       0x000000009d001200        0x8
 *(.vector_0)
 .vector_0      0x000000009d001200        0x8 e:/programs/microchip/xc32/v4.00/bin/bin/../../lib/gcc/pic32mx/8.3.1/../../../../pic32mx/lib\libpic32.a(vector0.o)
                0x000000009d001200                __vector_dispatch_0
                0x0000000000000001                ASSERT (((_vector_spacing == 0x0) || (SIZEOF (.vector_0) <= (_vector_spacing << 0x5))), function at exception vector 0 too large)

.vector_1       0x000000009d001220        0x8
 *(.vector_1)
 .vector_1      0x000000009d001220        0x8 e:/programs/microchip/xc32/v4.00/bin/bin/../../lib/gcc/pic32mx/8.3.1/../../../../pic32mx/lib\libpic32.a(vector1.o)
                0x000000009d001220                __vector_dispatch_1
                0x0000000000000001                ASSERT (((_vector_spacing == 0x0) || (SIZEOF (.vector_1) <= (_vector_spacing << 0x5))), function at exception vector 1 too large)

.vector_2       0x000000009d001240        0x8
 *(.vector_2)
 .vector_2      0x000000009d001240        0x8 e:/programs/microchip/xc32/v4.00/bin/bin/../../lib/gcc/pic32mx/8.3.1/../../../../pic32mx/lib\libpic32.a(vector2.o)
                0x000000009d001240                __vector_dispatch_2
                0x0000000000000001                ASSERT (((_vector_spacing == 0x0) || (SIZEOF (.vector_2) <= (_vector_spacing << 0x5))), function at exception vector 2 too large)

.vector_3       0x000000009d001260        0x8
 *(.vector_3)
 .vector_3      0x000000009d001260        0x8 e:/programs/microchip/xc32/v4.00/bin/bin/../../lib/gcc/pic32mx/8.3.1/../../../../pic32mx/lib\libpic32.a(vector3.o)
                0x000000009d001260                __vector_dispatch_3
                0x0000000000000001                ASSERT (((_vector_spacing == 0x0) || (SIZEOF (.vector_3) <= (_vector_spacing << 0x5))), function at exception vector 3 too large)

.vector_4       0x000000009d001280        0x8
 *(.vector_4)
 .vector_4      0x000000009d001280        0x8 build/default/production/_ext/1053023675/ES_Timers.o
                0x000000009d001280                __vector_dispatch_4
                0x0000000000000001                ASSERT (((_vector_spacing == 0x0) || (SIZEOF (.vector_4) <= (_vector_spacing << 0x5))), function at exception vector 4 too large)

.vector_5       0x000000009d0012a0        0x8
 *(.vector_5)
 .vector_5      0x000000009d0012a0        0x8 e:/programs/microchip/xc32/v4.00/bin/bin/../../lib/gcc/pic32mx/8.3.1/../../../../pic32mx/lib\libpic32.a(vector5.o)
                0x000000009d0012a0                __vector_dispatch_5
                0x0000000000000001                ASSERT (((_vector_spacing == 0x0) || (SIZEOF (.vector_5) <= (_vector_spacing << 0x5))), function at exception vector 5 too large)

.vector_6       0x000000009d0012c0        0x8
 *(.vector_6)
 .vector_6      0x000000009d0012c0        0x8 e:/programs/microchip/xc32/v4.00/bin/bin/../../lib/gcc/pic32mx/8.3.1/../../../../pic32mx/lib\libpic32.a(vector6.o)
                0x000000009d0012c0                __vector_dispatch_6
                0x0000000000000001                ASSERT (((_vector_spacing == 0x0) || (SIZEOF (.vector_6) <= (_vector_spacing << 0x5))), function at exception vector 6 too large)

.vector_7       0x000000009d0012e0        0x8
 *(.vector_7)
 .vector_7      0x000000009d0012e0        0x8 e:/programs/microchip/xc32/v4.00/bin/bin/../../lib/gcc/pic32mx/8.3.1/../../../../pic32mx/lib\libpic32.a(vector7.o)
                0x000000009d0012e0                __vector_dispatch_7
                0x0000000000000001                ASSERT (((_vector_spacing == 0x0) || (SIZEOF (.vector_7) <= (_vector_spacing << 0x5))), function at exception vector 7 too large)

.vector_8       0x000000009d001300        0x8
 *(.vector_8)
 .vector_8      0x000000009d001300        0x8 e:/programs/microchip/xc32/v4.00/bin/bin/../../lib/gcc/pic32mx/8.3.1/../../../../pic32mx/lib\libpic32.a(vector8.o)
                0x000000009d001300                __vector_dispatch_8
                0x0000000000000001                ASSERT (((_vector_spacing == 0x0) || (SIZEOF (.vector_8) <= (_vector_spacing << 0x5))), function at exception vector 8 too large)

.vector_9       0x000000009d001320        0x8
 *(.vector_9)
 .vector_9      0x000000009d001320        0x8 e:/programs/microchip/xc32/v4.00/bin/bin/../../lib/gcc/pic32mx/8.3.1/../../../../pic32mx/lib\libpic32.a(vector9.o)
                0x000000009d001320                __vector_dispatch_9
                0x0000000000000001                ASSERT (((_vector_spacing == 0x0) || (SIZEOF (.vector_9) <= (_vector_spacing << 0x5))), function at exception vector 9 too large)

.vector_10      0x000000009d001340        0x8
 *(.vector_10)
 .vector_10     0x000000009d001340        0x8 e:/programs/microchip/xc32/v4.00/bin/bin/../../lib/gcc/pic32mx/8.3.1/../../../../pic32mx/lib\libpic32.a(vector10.o)
                0x000000009d001340                __vector_dispatch_10
                0x0000000000000001                ASSERT (((_vector_spacing == 0x0) || (SIZEOF (.vector_10) <= (_vector_spacing << 0x5))), function at exception vector 10 too large)

.vector_11      0x000000009d001360        0x8
 *(.vector_11)
 .vector_11     0x000000009d001360        0x8 e:/programs/microchip/xc32/v4.00/bin/bin/../../lib/gcc/pic32mx/8.3.1/../../../../pic32mx/lib\libpic32.a(vector11.o)
                0x000000009d001360                __vector_dispatch_11
                0x0000000000000001                ASSERT (((_vector_spacing == 0x0) || (SIZEOF (.vector_11) <= (_vector_spacing << 0x5))), function at exception vector 11 too large)

.vector_12      0x000000009d001380        0x8
 *(.vector_12)
 .vector_12     0x000000009d001380        0x8 e:/programs/microchip/xc32/v4.00/bin/bin/../../lib/gcc/pic32mx/8.3.1/../../../../pic32mx/lib\libpic32.a(vector12.o)
                0x000000009d001380                __vector_dispatch_12
                0x0000000000000001                ASSERT (((_vector_spacing == 0x0) || (SIZEOF (.vector_12) <= (_vector_spacing << 0x5))), function at exception vector 12 too large)

.vector_13      0x000000009d0013a0        0x8
 *(.vector_13)
 .vector_13     0x000000009d0013a0        0x8 e:/programs/microchip/xc32/v4.00/bin/bin/../../lib/gcc/pic32mx/8.3.1/../../../../pic32mx/lib\libpic32.a(vector13.o)
                0x000000009d0013a0                __vector_dispatch_13
                0x0000000000000001                ASSERT (((_vector_spacing == 0x0) || (SIZEOF (.vector_13) <= (_vector_spacing << 0x5))), function at exception vector 13 too large)

.vector_14      0x000000009d0013c0        0x8
 *(.vector_14)
 .vector_14     0x000000009d0013c0        0x8 e:/programs/microchip/xc32/v4.00/bin/bin/../../lib/gcc/pic32mx/8.3.1/../../../../pic32mx/lib\libpic32.a(vector14.o)
                0x000000009d0013c0                __vector_dispatch_14
                0x0000000000000001                ASSERT (((_vector_spacing == 0x0) || (SIZEOF (.vector_14) <= (_vector_spacing << 0x5))), function at exception vector 14 too large)

.vector_15      0x000000009d0013e0        0x8
 *(.vector_15)
 .vector_15     0x000000009d0013e0        0x8 e:/programs/microchip/xc32/v4.00/bin/bin/../../lib/gcc/pic32mx/8.3.1/../../../../pic32mx/lib\libpic32.a(vector15.o)
                0x000000009d0013e0                __vector_dispatch_15
                0x0000000000000001                ASSERT (((_vector_spacing == 0x0) || (SIZEOF (.vector_15) <= (_vector_spacing << 0x5))), function at exception vector 15 too large)

.vector_16      0x000000009d001400        0x8
 *(.vector_16)
 .vector_16     0x000000009d001400        0x8 build/default/production/_ext/1053023675/RC_Servo.o
                0x000000009d001400                __vector_dispatch_16
                0x0000000000000001                ASSERT (((_vector_spacing == 0x0) || (SIZEOF (.vector_16) <= (_vector_spacing << 0x5))), function at exception vector 16 too large)

.vector_17      0x000000009d001420        0x8
 *(.vector_17)
 .vector_17     0x000000009d001420        0x8 e:/programs/microchip/xc32/v4.00/bin/bin/../../lib/gcc/pic32mx/8.3.1/../../../../pic32mx/lib\libpic32.a(vector17.o)
                0x000000009d001420                __vector_dispatch_17
                0x0000000000000001                ASSERT (((_vector_spacing == 0x0) || (SIZEOF (.vector_17) <= (_vector_spacing << 0x5))), function at exception vector 17 too large)

.vector_18      0x000000009d001440        0x8
 *(.vector_18)
 .vector_18     0x000000009d001440        0x8 e:/programs/microchip/xc32/v4.00/bin/bin/../../lib/gcc/pic32mx/8.3.1/../../../../pic32mx/lib\libpic32.a(vector18.o)
                0x000000009d001440                __vector_dispatch_18
                0x0000000000000001                ASSERT (((_vector_spacing == 0x0) || (SIZEOF (.vector_18) <= (_vector_spacing << 0x5))), function at exception vector 18 too large)

.vector_19      0x000000009d001460        0x8
 *(.vector_19)
 .vector_19     0x000000009d001460        0x8 e:/programs/microchip/xc32/v4.00/bin/bin/../../lib/gcc/pic32mx/8.3.1/../../../../pic32mx/lib\libpic32.a(vector19.o)
                0x000000009d001460                __vector_dispatch_19
                0x0000000000000001                ASSERT (((_vector_spacing == 0x0) || (SIZEOF (.vector_19) <= (_vector_spacing << 0x5))), function at exception vector 19 too large)

.vector_20      0x000000009d001480        0x8
 *(.vector_20)
 .vector_20     0x000000009d001480        0x8 build/default/production/_ext/1053023675/timers.o
                0x000000009d001480                __vector_dispatch_20
                0x0000000000000001                ASSERT (((_vector_spacing == 0x0) || (SIZEOF (.vector_20) <= (_vector_spacing << 0x5))), function at exception vector 20 too large)

.vector_21      0x000000009d0014a0        0x8
 *(.vector_21)
 .vector_21     0x000000009d0014a0        0x8 e:/programs/microchip/xc32/v4.00/bin/bin/../../lib/gcc/pic32mx/8.3.1/../../../../pic32mx/lib\libpic32.a(vector21.o)
                0x000000009d0014a0                __vector_dispatch_21
                0x0000000000000001                ASSERT (((_vector_spacing == 0x0) || (SIZEOF (.vector_21) <= (_vector_spacing << 0x5))), function at exception vector 21 too large)

.vector_22      0x000000009d0014c0        0x8
 *(.vector_22)
 .vector_22     0x000000009d0014c0        0x8 e:/programs/microchip/xc32/v4.00/bin/bin/../../lib/gcc/pic32mx/8.3.1/../../../../pic32mx/lib\libpic32.a(vector22.o)
                0x000000009d0014c0                __vector_dispatch_22
                0x0000000000000001                ASSERT (((_vector_spacing == 0x0) || (SIZEOF (.vector_22) <= (_vector_spacing << 0x5))), function at exception vector 22 too large)

.vector_23      0x000000009d0014e0        0x8
 *(.vector_23)
 .vector_23     0x000000009d0014e0        0x8 e:/programs/microchip/xc32/v4.00/bin/bin/../../lib/gcc/pic32mx/8.3.1/../../../../pic32mx/lib\libpic32.a(vector23.o)
                0x000000009d0014e0                __vector_dispatch_23
                0x0000000000000001                ASSERT (((_vector_spacing == 0x0) || (SIZEOF (.vector_23) <= (_vector_spacing << 0x5))), function at exception vector 23 too large)

.vector_24      0x000000009d001500        0x8
 *(.vector_24)
 .vector_24     0x000000009d001500        0x8 build/default/production/_ext/1053023675/serial.o
                0x000000009d001500                __vector_dispatch_24
                0x0000000000000001                ASSERT (((_vector_spacing == 0x0) || (SIZEOF (.vector_24) <= (_vector_spacing << 0x5))), function at exception vector 24 too large)

.vector_25      0x000000009d001520        0x8
 *(.vector_25)
 .vector_25     0x000000009d001520        0x8 e:/programs/microchip/xc32/v4.00/bin/bin/../../lib/gcc/pic32mx/8.3.1/../../../../pic32mx/lib\libpic32.a(vector25.o)
                0x000000009d001520                __vector_dispatch_25
                0x0000000000000001                ASSERT (((_vector_spacing == 0x0) || (SIZEOF (.vector_25) <= (_vector_spacing << 0x5))), function at exception vector 25 too large)

.vector_26      0x000000009d001540        0x8
 *(.vector_26)
 .vector_26     0x000000009d001540        0x8 e:/programs/microchip/xc32/v4.00/bin/bin/../../lib/gcc/pic32mx/8.3.1/../../../../pic32mx/lib\libpic32.a(vector26.o)
                0x000000009d001540                __vector_dispatch_26
                0x0000000000000001                ASSERT (((_vector_spacing == 0x0) || (SIZEOF (.vector_26) <= (_vector_spacing << 0x5))), function at exception vector 26 too large)

.vector_27      0x000000009d001560        0x8
 *(.vector_27)
 .vector_27     0x000000009d001560        0x8 build/default/production/_ext/1053023675/AD.o
                0x000000009d001560                __vector_dispatch_27
                0x0000000000000001                ASSERT (((_vector_spacing == 0x0) || (SIZEOF (.vector_27) <= (_vector_spacing << 0x5))), function at exception vector 27 too large)

.vector_28      0x000000009d001580        0x8
 *(.vector_28)
 .vector_28     0x000000009d001580        0x8 e:/programs/microchip/xc32/v4.00/bin/bin/../../lib/gcc/pic32mx/8.3.1/../../../../pic32mx/lib\libpic32.a(vector28.o)
                0x000000009d001580                __vector_dispatch_28
                0x0000000000000001                ASSERT (((_vector_spacing == 0x0) || (SIZEOF (.vector_28) <= (_vector_spacing << 0x5))), function at exception vector 28 too large)

.vector_29      0x000000009d0015a0        0x8
 *(.vector_29)
 .vector_29     0x000000009d0015a0        0x8 e:/programs/microchip/xc32/v4.00/bin/bin/../../lib/gcc/pic32mx/8.3.1/../../../../pic32mx/lib\libpic32.a(vector29.o)
                0x000000009d0015a0                __vector_dispatch_29
                0x0000000000000001                ASSERT (((_vector_spacing == 0x0) || (SIZEOF (.vector_29) <= (_vector_spacing << 0x5))), function at exception vector 29 too large)

.vector_30      0x000000009d0015c0        0x8
 *(.vector_30)
 .vector_30     0x000000009d0015c0        0x8 e:/programs/microchip/xc32/v4.00/bin/bin/../../lib/gcc/pic32mx/8.3.1/../../../../pic32mx/lib\libpic32.a(vector30.o)
                0x000000009d0015c0                __vector_dispatch_30
                0x0000000000000001                ASSERT (((_vector_spacing == 0x0) || (SIZEOF (.vector_30) <= (_vector_spacing << 0x5))), function at exception vector 30 too large)

.vector_31      0x000000009d0015e0        0x8
 *(.vector_31)
 .vector_31     0x000000009d0015e0        0x8 e:/programs/microchip/xc32/v4.00/bin/bin/../../lib/gcc/pic32mx/8.3.1/../../../../pic32mx/lib\libpic32.a(vector31.o)
                0x000000009d0015e0                __vector_dispatch_31
                0x0000000000000001                ASSERT (((_vector_spacing == 0x0) || (SIZEOF (.vector_31) <= (_vector_spacing << 0x5))), function at exception vector 31 too large)

.vector_32      0x000000009d001600        0x8
 *(.vector_32)
 .vector_32     0x000000009d001600        0x8 e:/programs/microchip/xc32/v4.00/bin/bin/../../lib/gcc/pic32mx/8.3.1/../../../../pic32mx/lib\libpic32.a(vector32.o)
                0x000000009d001600                __vector_dispatch_32
                0x0000000000000001                ASSERT (((_vector_spacing == 0x0) || (SIZEOF (.vector_32) <= (_vector_spacing << 0x5))), function at exception vector 32 too large)

.vector_33      0x000000009d001620        0x8
 *(.vector_33)
 .vector_33     0x000000009d001620        0x8 e:/programs/microchip/xc32/v4.00/bin/bin/../../lib/gcc/pic32mx/8.3.1/../../../../pic32mx/lib\libpic32.a(vector33.o)
                0x000000009d001620                __vector_dispatch_33
                0x0000000000000001                ASSERT (((_vector_spacing == 0x0) || (SIZEOF (.vector_33) <= (_vector_spacing << 0x5))), function at exception vector 33 too large)

.vector_34      0x000000009d001640        0x8
 *(.vector_34)
 .vector_34     0x000000009d001640        0x8 e:/programs/microchip/xc32/v4.00/bin/bin/../../lib/gcc/pic32mx/8.3.1/../../../../pic32mx/lib\libpic32.a(vector34.o)
                0x000000009d001640                __vector_dispatch_34
                0x0000000000000001                ASSERT (((_vector_spacing == 0x0) || (SIZEOF (.vector_34) <= (_vector_spacing << 0x5))), function at exception vector 34 too large)

.vector_35      0x000000009d001660        0x8
 *(.vector_35)
 .vector_35     0x000000009d001660        0x8 e:/programs/microchip/xc32/v4.00/bin/bin/../../lib/gcc/pic32mx/8.3.1/../../../../pic32mx/lib\libpic32.a(vector35.o)
                0x000000009d001660                __vector_dispatch_35
                0x0000000000000001                ASSERT (((_vector_spacing == 0x0) || (SIZEOF (.vector_35) <= (_vector_spacing << 0x5))), function at exception vector 35 too large)

.vector_36      0x000000009d001680        0x8
 *(.vector_36)
 .vector_36     0x000000009d001680        0x8 e:/programs/microchip/xc32/v4.00/bin/bin/../../lib/gcc/pic32mx/8.3.1/../../../../pic32mx/lib\libpic32.a(vector36.o)
                0x000000009d001680                __vector_dispatch_36
                0x0000000000000001                ASSERT (((_vector_spacing == 0x0) || (SIZEOF (.vector_36) <= (_vector_spacing << 0x5))), function at exception vector 36 too large)

.vector_37      0x000000009d0016a0        0x8
 *(.vector_37)
 .vector_37     0x000000009d0016a0        0x8 e:/programs/microchip/xc32/v4.00/bin/bin/../../lib/gcc/pic32mx/8.3.1/../../../../pic32mx/lib\libpic32.a(vector37.o)
                0x000000009d0016a0                __vector_dispatch_37
                0x0000000000000001                ASSERT (((_vector_spacing == 0x0) || (SIZEOF (.vector_37) <= (_vector_spacing << 0x5))), function at exception vector 37 too large)

.vector_38      0x000000009d0016c0        0x8
 *(.vector_38)
 .vector_38     0x000000009d0016c0        0x8 e:/programs/microchip/xc32/v4.00/bin/bin/../../lib/gcc/pic32mx/8.3.1/../../../../pic32mx/lib\libpic32.a(vector38.o)
                0x000000009d0016c0                __vector_dispatch_38
                0x0000000000000001                ASSERT (((_vector_spacing == 0x0) || (SIZEOF (.vector_38) <= (_vector_spacing << 0x5))), function at exception vector 38 too large)

.vector_39      0x000000009d0016e0        0x8
 *(.vector_39)
 .vector_39     0x000000009d0016e0        0x8 e:/programs/microchip/xc32/v4.00/bin/bin/../../lib/gcc/pic32mx/8.3.1/../../../../pic32mx/lib\libpic32.a(vector39.o)
                0x000000009d0016e0                __vector_dispatch_39
                0x0000000000000001                ASSERT (((_vector_spacing == 0x0) || (SIZEOF (.vector_39) <= (_vector_spacing << 0x5))), function at exception vector 39 too large)

.vector_40      0x000000009d001700        0x8
 *(.vector_40)
 .vector_40     0x000000009d001700        0x8 e:/programs/microchip/xc32/v4.00/bin/bin/../../lib/gcc/pic32mx/8.3.1/../../../../pic32mx/lib\libpic32.a(vector40.o)
                0x000000009d001700                __vector_dispatch_40
                0x0000000000000001                ASSERT (((_vector_spacing == 0x0) || (SIZEOF (.vector_40) <= (_vector_spacing << 0x5))), function at exception vector 40 too large)

.vector_41      0x000000009d001720        0x8
 *(.vector_41)
 .vector_41     0x000000009d001720        0x8 e:/programs/microchip/xc32/v4.00/bin/bin/../../lib/gcc/pic32mx/8.3.1/../../../../pic32mx/lib\libpic32.a(vector41.o)
                0x000000009d001720                __vector_dispatch_41
                0x0000000000000001                ASSERT (((_vector_spacing == 0x0) || (SIZEOF (.vector_41) <= (_vector_spacing << 0x5))), function at exception vector 41 too large)

.vector_42      0x000000009d001740        0x8
 *(.vector_42)
 .vector_42     0x000000009d001740        0x8 e:/programs/microchip/xc32/v4.00/bin/bin/../../lib/gcc/pic32mx/8.3.1/../../../../pic32mx/lib\libpic32.a(vector42.o)
                0x000000009d001740                __vector_dispatch_42
                0x0000000000000001                ASSERT (((_vector_spacing == 0x0) || (SIZEOF (.vector_42) <= (_vector_spacing << 0x5))), function at exception vector 42 too large)

.vector_43      0x000000009d001760        0x8
 *(.vector_43)
 .vector_43     0x000000009d001760        0x8 e:/programs/microchip/xc32/v4.00/bin/bin/../../lib/gcc/pic32mx/8.3.1/../../../../pic32mx/lib\libpic32.a(vector43.o)
                0x000000009d001760                __vector_dispatch_43
                0x0000000000000001                ASSERT (((_vector_spacing == 0x0) || (SIZEOF (.vector_43) <= (_vector_spacing << 0x5))), function at exception vector 43 too large)

.vector_44      0x000000009d001780        0x8
 *(.vector_44)
 .vector_44     0x000000009d001780        0x8 e:/programs/microchip/xc32/v4.00/bin/bin/../../lib/gcc/pic32mx/8.3.1/../../../../pic32mx/lib\libpic32.a(vector44.o)
                0x000000009d001780                __vector_dispatch_44
                0x0000000000000001                ASSERT (((_vector_spacing == 0x0) || (SIZEOF (.vector_44) <= (_vector_spacing << 0x5))), function at exception vector 44 too large)

.vector_45      0x000000009d0017a0        0x0
 *(.vector_45)
                0x0000000000000001                ASSERT (((_vector_spacing == 0x0) || (SIZEOF (.vector_45) <= (_vector_spacing << 0x5))), function at exception vector 45 too large)

.vector_46      0x000000009d0017c0        0x0
 *(.vector_46)
                0x0000000000000001                ASSERT (((_vector_spacing == 0x0) || (SIZEOF (.vector_46) <= (_vector_spacing << 0x5))), function at exception vector 46 too large)

.vector_47      0x000000009d0017e0        0x0
 *(.vector_47)
                0x0000000000000001                ASSERT (((_vector_spacing == 0x0) || (SIZEOF (.vector_47) <= (_vector_spacing << 0x5))), function at exception vector 47 too large)

.vector_48      0x000000009d001800        0x0
 *(.vector_48)
                0x0000000000000001                ASSERT (((_vector_spacing == 0x0) || (SIZEOF (.vector_48) <= (_vector_spacing << 0x5))), function at exception vector 48 too large)

.vector_49      0x000000009d001820        0x0
 *(.vector_49)
                0x0000000000000001                ASSERT (((_vector_spacing == 0x0) || (SIZEOF (.vector_49) <= (_vector_spacing << 0x5))), function at exception vector 49 too large)

.vector_50      0x000000009d001840        0x0
 *(.vector_50)
                0x0000000000000001                ASSERT (((_vector_spacing == 0x0) || (SIZEOF (.vector_50) <= (_vector_spacing << 0x5))), function at exception vector 50 too large)

.vector_51      0x000000009d001860        0x0
 *(.vector_51)
                0x0000000000000001                ASSERT (((_vector_spacing == 0x0) || (SIZEOF (.vector_51) <= (_vector_spacing << 0x5))), function at exception vector 51 too large)

.vector_52      0x000000009d001880        0x0
 *(.vector_52)
                0x0000000000000001                ASSERT (((_vector_spacing == 0x0) || (SIZEOF (.vector_52) <= (_vector_spacing << 0x5))), function at exception vector 52 too large)

.vector_53      0x000000009d0018a0        0x0
 *(.vector_53)
                0x0000000000000001                ASSERT (((_vector_spacing == 0x0) || (SIZEOF (.vector_53) <= (_vector_spacing << 0x5))), function at exception vector 53 too large)

.vector_54      0x000000009d0018c0        0x0
 *(.vector_54)
                0x0000000000000001                ASSERT (((_vector_spacing == 0x0) || (SIZEOF (.vector_54) <= (_vector_spacing << 0x5))), function at exception vector 54 too large)

.vector_55      0x000000009d0018e0        0x0
 *(.vector_55)
                0x0000000000000001                ASSERT (((_vector_spacing == 0x0) || (SIZEOF (.vector_55) <= (_vector_spacing << 0x5))), function at exception vector 55 too large)

.vector_56      0x000000009d001900        0x0
 *(.vector_56)
                0x0000000000000001                ASSERT (((_vector_spacing == 0x0) || (SIZEOF (.vector_56) <= (_vector_spacing << 0x5))), function at exception vector 56 too large)

.vector_57      0x000000009d001920        0x0
 *(.vector_57)
                0x0000000000000001                ASSERT (((_vector_spacing == 0x0) || (SIZEOF (.vector_57) <= (_vector_spacing << 0x5))), function at exception vector 57 too large)

.vector_58      0x000000009d001940        0x0
 *(.vector_58)
                0x0000000000000001                ASSERT (((_vector_spacing == 0x0) || (SIZEOF (.vector_58) <= (_vector_spacing << 0x5))), function at exception vector 58 too large)

.vector_59      0x000000009d001960        0x0
 *(.vector_59)
                0x0000000000000001                ASSERT (((_vector_spacing == 0x0) || (SIZEOF (.vector_59) <= (_vector_spacing << 0x5))), function at exception vector 59 too large)

.vector_60      0x000000009d001980        0x0
 *(.vector_60)
                0x0000000000000001                ASSERT (((_vector_spacing == 0x0) || (SIZEOF (.vector_60) <= (_vector_spacing << 0x5))), function at exception vector 60 too large)

.vector_61      0x000000009d0019a0        0x0
 *(.vector_61)
                0x0000000000000001                ASSERT (((_vector_spacing == 0x0) || (SIZEOF (.vector_61) <= (_vector_spacing << 0x5))), function at exception vector 61 too large)

.vector_62      0x000000009d0019c0        0x0
 *(.vector_62)
                0x0000000000000001                ASSERT (((_vector_spacing == 0x0) || (SIZEOF (.vector_62) <= (_vector_spacing << 0x5))), function at exception vector 62 too large)

.vector_63      0x000000009d0019e0        0x0
 *(.vector_63)
                0x0000000000000001                ASSERT (((_vector_spacing == 0x0) || (SIZEOF (.vector_63) <= (_vector_spacing << 0x5))), function at exception vector 63 too large)

.startup
 *(.startup)

.text           0x000000009d002000        0x0
 *(.stub .gnu.linkonce.t.*)
 *(.text.*personality*)
 *(.mips16.fn.*)
 *(.mips16.call.*)
 *(.gnu.warning)
                0x000000009d002000                . = ALIGN (0x4)

.init           0x000000009d002000        0x0
 *crti.o(.init)
 *crtbegin.o(.init)
 *(EXCLUDE_FILE(*crtn.o *crtend?.o *crtend.o) .init)
 *crtend.o(.init)
 *crtn.o(.init)
                0x000000009d002000                . = ALIGN (0x4)

.fini           0x000000009d002000        0x0
 *(.fini)
                0x000000009d002000                . = ALIGN (0x4)

.preinit_array  0x000000009d002000        0x0
                [!provide]                        PROVIDE (__preinit_array_start = .)
 *(.preinit_array)
                [!provide]                        PROVIDE (__preinit_array_end = .)
                0x000000009d002000                . = ALIGN (0x4)

.init_array     0x000000009d002000        0x0
                [!provide]                        PROVIDE (__init_array_start = .)
 *(SORT_BY_NAME(.init_array.*))
 *(.init_array)
                [!provide]                        PROVIDE (__init_array_end = .)
                0x000000009d002000                . = ALIGN (0x4)

.fini_array     0x000000009d002000        0x0
                [!provide]                        PROVIDE (__fini_array_start = .)
 *(SORT_BY_NAME(.fini_array.*))
 *(.fini_array)
                [!provide]                        PROVIDE (__fini_array_end = .)
                0x000000009d002000                . = ALIGN (0x4)

.ctors          0x000000009d002000        0x0
 *crtbegin.o(.ctors)
 *crtbegin?.o(.ctors)
 *(EXCLUDE_FILE(*crtend?.o *crtend.o) .ctors)
 *(SORT_BY_NAME(.ctors.*))
 *(.ctors)
                0x000000009d002000                . = ALIGN (0x4)

.dtors          0x000000009d002000        0x0
 *crtbegin.o(.dtors)
 *crtbegin?.o(.dtors)
 *(EXCLUDE_FILE(*crtend?.o *crtend.o) .dtors)
 *(SORT_BY_NAME(.dtors.*))
 *(.dtors)
                0x000000009d002000                . = ALIGN (0x4)

.rodata         0x000000009d002000        0x0
 *(.gnu.linkonce.r.*)
 *(.rodata1)
                0x000000009d002000                . = ALIGN (0x4)

.sdata2         0x000000009d002000        0x0
 *(.sdata2 .sdata2.* .gnu.linkonce.s2.*)
                0x000000009d002000                . = ALIGN (0x4)

.sbss2          0x000000009d002000        0x0
 *(.sbss2 .sbss2.* .gnu.linkonce.sb2.*)
                0x000000009d002000                . = ALIGN (0x4)

.eh_frame_hdr
 *(.eh_frame_hdr)
                0x000000009d002000                . = ALIGN (0x4)

.eh_frame
 *(.eh_frame)
                0x000000009d002000                . = ALIGN (0x4)

.gcc_except_table
 *(.gcc_except_table .gcc_except_table.*)
                0x000000009d002000                . = ALIGN (0x4)

.dbg_data       0x00000000a0000000        0x0
                0x00000000a0000000                . = (. + DEFINED (_DEBUGGER)?0x200:0x0)

.jcr            0x00000000a0000000        0x0
 *(.jcr)
                0x00000000a0000000                . = ALIGN (0x4)

.eh_frame
 *(.eh_frame)
                0x00000000a0000000                . = ALIGN (0x4)

.gcc_except_table
 *(.gcc_except_table .gcc_except_table.*)
                0x00000000a0000000                . = ALIGN (0x4)

.persist        0x00000000a0000000        0x0
                0x00000000a0000000                _persist_begin = .
 *(.persist .persist.*)
 *(.pbss .pbss.*)
                0x00000000a0000000                . = ALIGN (0x4)
                0x00000000a0000000                _persist_end = .

.data           0x00000000a0000000        0x0
 *(.gnu.linkonce.d.*)
 *(.data1)
                0x00000000a0000000                . = ALIGN (0x4)
                0x00000000a0000000                . = .
                0x00000000a0007ff0                _gp = (ALIGN (0x10) + 0x7ff0)

.got            0x00000000a0000000        0x0
 *(.got.plt)
 *(.got)
                0x00000000a0000000                . = ALIGN (0x4)

.sdata          0x00000000a0000000       0x10
                0x00000000a0000000                _sdata_begin = .
 *(.sdata .sdata.* .gnu.linkonce.s.*)
 .sdata         0x00000000a0000000        0x4 build/default/production/TemplateEventChecker.o
 .sdata         0x00000000a0000004        0x4 build/default/production/_ext/1053023675/AD.o
 .sdata         0x00000000a0000008        0x7 build/default/production/_ext/1053023675/RC_Servo.o
                0x00000000a0000010                . = ALIGN (0x4)
 *fill*         0x00000000a000000f        0x1 
                0x00000000a0000010                _sdata_end = .

.lit8
 *(.lit8)

.lit4
 *(.lit4)
                0x00000000a0000010                . = ALIGN (0x4)
                0x00000000a0000010                _data_end = .
                0x00000000a0000010                _bss_begin = .

.sbss           0x00000000a0000010       0xf4
                0x00000000a0000010                _sbss_begin = .
 *(.dynsbss)
 *(.sbss .sbss.* .gnu.linkonce.sb.*)
 .sbss          0x00000000a0000010        0x8 build/default/production/Movement.o
 .sbss          0x00000000a0000018        0xa build/default/production/BumperService.o
 .sbss          0x00000000a0000022        0xa build/default/production/TapeSensorService.o
 .sbss          0x00000000a000002c       0x24 build/default/production/_ext/1053023675/AD.o
 .sbss          0x00000000a0000050        0xc build/default/production/_ext/1053023675/ES_Framework.o
                0x00000000a0000050                Ready
 .sbss          0x00000000a000005c        0x1 build/default/production/_ext/1053023675/ES_KeyboardInput.o
 *fill*         0x00000000a000005d        0x3 
 .sbss          0x00000000a0000060       0x30 build/default/production/_ext/1053023675/ES_Timers.o
 .sbss          0x00000000a0000090        0x2 build/default/production/_ext/1053023675/LED.o
 *fill*         0x00000000a0000092        0x2 
 .sbss          0x00000000a0000094       0x12 build/default/production/_ext/1053023675/RC_Servo.o
                0x00000000a0000094                RCenabled
 *fill*         0x00000000a00000a6        0x2 
 .sbss          0x00000000a00000a8        0xc build/default/production/_ext/1053023675/pwm.o
 .sbss          0x00000000a00000b4        0xe build/default/production/_ext/1053023675/serial.o
 *fill*         0x00000000a00000c2        0x2 
 .sbss          0x00000000a00000c4        0xc build/default/production/_ext/1053023675/timers.o
 .sbss          0x00000000a00000d0        0x4 build/default/production/BeaconService.o
 .sbss          0x00000000a00000d4        0x5 build/default/production/HSM.o
 *fill*         0x00000000a00000d9        0x3 
 .sbss          0x00000000a00000dc        0x5 build/default/production/StartSubHSM.o
 *fill*         0x00000000a00000e1        0x3 
 .sbss          0x00000000a00000e4        0x6 build/default/production/ShootOn1SubHSM.o
 *fill*         0x00000000a00000ea        0x2 
 .sbss          0x00000000a00000ec        0x5 build/default/production/FireSubHSM.o
 *fill*         0x00000000a00000f1        0x3 
 .sbss          0x00000000a00000f4        0x6 build/default/production/ShootOn2SubHSM.o
 *fill*         0x00000000a00000fa        0x2 
 .sbss          0x00000000a00000fc        0x5 build/default/production/ReloadSubHSM.o
 *(.scommon)
                0x00000000a0000101                _sbss_end = .
                0x00000000a0000104                . = ALIGN (0x4)
 *fill*         0x00000000a0000101        0x3 

.bss            0x00000000a0000104        0x0
 *(.dynbss)
 *(COMMON)
                0x00000000a0000104                . = ALIGN ((. != 0x0)?0x4:0x1)
                0x00000000a0000104                . = ALIGN (0x4)
                0x00000000a0000104                _end = .
                0x00000000a0000104                _bss_end = .
                0x0000000000004000                _bmxdudba_address = LENGTH (kseg1_data_mem)
                0x0000000000004000                _bmxdupba_address = LENGTH (kseg1_data_mem)

/DISCARD/
 *(.pdr)
 *(.rel.dyn)
 *(.note.GNU-stack)
 *(.note.GNU-stack)
 *(.gnu_debuglink)
 *(.gnu.lto_*)
 *(.discard)

.gptab.sdata
 *(.gptab.data)
 *(.gptab.sdata)

.gptab.sbss
 *(.gptab.bss)
 *(.gptab.sbss)

.mdebug.abi32   0x00000000a0000104        0x0
 *(.mdebug.abi32)
 .mdebug.abi32  0x00000000a0000104        0x0 build/default/production/Movement.o
 .mdebug.abi32  0x00000000a0000104        0x0 build/default/production/BumperService.o
 .mdebug.abi32  0x00000000a0000104        0x0 build/default/production/TemplateEventChecker.o
 .mdebug.abi32  0x00000000a0000104        0x0 build/default/production/TapeSensorService.o
 .mdebug.abi32  0x00000000a0000104        0x0 build/default/production/ES_Main.o
 .mdebug.abi32  0x00000000a0000104        0x0 build/default/production/_ext/1053023675/AD.o
 .mdebug.abi32  0x00000000a0000104        0x0 build/default/production/_ext/1053023675/BOARD.o
 .mdebug.abi32  0x00000000a0000104        0x0 build/default/production/_ext/1053023675/ES_CheckEvents.o
 .mdebug.abi32  0x00000000a0000104        0x0 build/default/production/_ext/1053023675/ES_Framework.o
 .mdebug.abi32  0x00000000a0000104        0x0 build/default/production/_ext/1053023675/ES_KeyboardInput.o
 .mdebug.abi32  0x00000000a0000104        0x0 build/default/production/_ext/1053023675/ES_PostList.o
 .mdebug.abi32  0x00000000a0000104        0x0 build/default/production/_ext/1053023675/ES_Queue.o
 .mdebug.abi32  0x00000000a0000104        0x0 build/default/production/_ext/1053023675/ES_TattleTale.o
 .mdebug.abi32  0x00000000a0000104        0x0 build/default/production/_ext/1053023675/ES_Timers.o
 .mdebug.abi32  0x00000000a0000104        0x0 build/default/production/_ext/1053023675/IO_Ports.o
 .mdebug.abi32  0x00000000a0000104        0x0 build/default/production/_ext/1053023675/LED.o
 .mdebug.abi32  0x00000000a0000104        0x0 build/default/production/_ext/1053023675/RC_Servo.o
 .mdebug.abi32  0x00000000a0000104        0x0 build/default/production/_ext/1053023675/pwm.o
 .mdebug.abi32  0x00000000a0000104        0x0 build/default/production/_ext/1053023675/serial.o
 .mdebug.abi32  0x00000000a0000104        0x0 build/default/production/_ext/1053023675/timers.o
 .mdebug.abi32  0x00000000a0000104        0x0 build/default/production/BeaconService.o
 .mdebug.abi32  0x00000000a0000104        0x0 build/default/production/HSM.o
 .mdebug.abi32  0x00000000a0000104        0x0 build/default/production/StartSubHSM.o
 .mdebug.abi32  0x00000000a0000104        0x0 build/default/production/ShootOn1SubHSM.o
 .mdebug.abi32  0x00000000a0000104        0x0 build/default/production/FireSubHSM.o
 .mdebug.abi32  0x00000000a0000104        0x0 build/default/production/ShootOn2SubHSM.o
 .mdebug.abi32  0x00000000a0000104        0x0 build/default/production/ReloadSubHSM.o
 .mdebug.abi32  0x00000000a0000104        0x0 e:/programs/microchip/xc32/v4.00/bin/bin/../../lib/gcc/pic32mx/8.3.1\libgcc.a(floatunsisf.o)
 .mdebug.abi32  0x00000000a0000104        0x0 e:/programs/microchip/xc32/v4.00/bin/bin/../../lib/gcc/pic32mx/8.3.1/../../../../pic32mx/lib\libpic32.a(default-bootstrap-exception-handler.o)
 .mdebug.abi32  0x00000000a0000104        0x0 e:/programs/microchip/xc32/v4.00/bin/bin/../../lib/gcc/pic32mx/8.3.1/../../../../pic32mx/lib\libpic32.a(default-on-reset.o)
 .mdebug.abi32  0x00000000a0000104        0x0 e:/programs/microchip/xc32/v4.00/bin/bin/../../lib/gcc/pic32mx/8.3.1/../../../../pic32mx/lib\libpic32.a(default-on-bootstrap.o)
 .mdebug.abi32  0x00000000a0000104        0x0 e:/programs/microchip/xc32/v4.00/bin/bin/../../lib/gcc/pic32mx/8.3.1/../../../../pic32mx/lib\libpic32.a(default-general-exception-handler.o)
 .mdebug.abi32  0x00000000a0000104        0x0 e:/programs/microchip/xc32/v4.00/bin/bin/../../lib/gcc/pic32mx/8.3.1/../../../../pic32mx/lib\libpic32.a(defaultinterrupt.o)
 .mdebug.abi32  0x00000000a0000104        0x0 e:/programs/microchip/xc32/v4.00/bin/bin/../../lib/gcc/pic32mx/8.3.1/../../../../pic32mx/lib\libc-musl.a(__sio_printf_0.o)
 .mdebug.abi32  0x00000000a0000104        0x0 e:/programs/microchip/xc32/v4.00/bin/bin/../../lib/gcc/pic32mx/8.3.1/../../../../pic32mx/lib\libc-musl.a(__sio_printf_dosux.o)
 .mdebug.abi32  0x00000000a0000104        0x0 e:/programs/microchip/xc32/v4.00/bin/bin/../../lib/gcc/pic32mx/8.3.1/../../../../pic32mx/lib\libc-musl.a(__sio_printf_doux.o)
 .mdebug.abi32  0x00000000a0000104        0x0 e:/programs/microchip/xc32/v4.00/bin/bin/../../lib/gcc/pic32mx/8.3.1/../../../../pic32mx/lib\libc-musl.a(__fmt_d.o)
 .mdebug.abi32  0x00000000a0000104        0x0 e:/programs/microchip/xc32/v4.00/bin/bin/../../lib/gcc/pic32mx/8.3.1/../../../../pic32mx/lib\libc-musl.a(__fmt_o.o)
 .mdebug.abi32  0x00000000a0000104        0x0 e:/programs/microchip/xc32/v4.00/bin/bin/../../lib/gcc/pic32mx/8.3.1/../../../../pic32mx/lib\libc-musl.a(__fmt_s.o)
 .mdebug.abi32  0x00000000a0000104        0x0 e:/programs/microchip/xc32/v4.00/bin/bin/../../lib/gcc/pic32mx/8.3.1/../../../../pic32mx/lib\libc-musl.a(__fmt_u.o)
 .mdebug.abi32  0x00000000a0000104        0x0 e:/programs/microchip/xc32/v4.00/bin/bin/../../lib/gcc/pic32mx/8.3.1/../../../../pic32mx/lib\libc-musl.a(__fmt_x.o)
 .mdebug.abi32  0x00000000a0000104        0x0 e:/programs/microchip/xc32/v4.00/bin/bin/../../lib/gcc/pic32mx/8.3.1/../../../../pic32mx/lib\libc-musl.a(__printf_core.o)
 .mdebug.abi32  0x00000000a0000104        0x0 e:/programs/microchip/xc32/v4.00/bin/bin/../../lib/gcc/pic32mx/8.3.1/../../../../pic32mx/lib\libc-musl.a(stdout.o)
 .mdebug.abi32  0x00000000a0000104        0x0 e:/programs/microchip/xc32/v4.00/bin/bin/../../lib/gcc/pic32mx/8.3.1/../../../../pic32mx/lib\libc-musl.a(puts.o)
 .mdebug.abi32  0x00000000a0000104        0x0 e:/programs/microchip/xc32/v4.00/bin/bin/../../lib/gcc/pic32mx/8.3.1/../../../../pic32mx/lib\libc-musl.a(atoi.o)
 .mdebug.abi32  0x00000000a0000104        0x0 e:/programs/microchip/xc32/v4.00/bin/bin/../../lib/gcc/pic32mx/8.3.1/../../../../pic32mx/lib\libc-musl.a(memcpy.o)
 .mdebug.abi32  0x00000000a0000104        0x0 e:/programs/microchip/xc32/v4.00/bin/bin/../../lib/gcc/pic32mx/8.3.1/../../../../pic32mx/lib\libc-musl.a(memset.o)
 .mdebug.abi32  0x00000000a0000104        0x0 e:/programs/microchip/xc32/v4.00/bin/bin/../../lib/gcc/pic32mx/8.3.1/../../../../pic32mx/lib\libc-musl.a(strlen.o)
 .mdebug.abi32  0x00000000a0000104        0x0 e:/programs/microchip/xc32/v4.00/bin/bin/../../lib/gcc/pic32mx/8.3.1/../../../../pic32mx/lib\libc-musl.a(tolower.o)
 .mdebug.abi32  0x00000000a0000104        0x0 e:/programs/microchip/xc32/v4.00/bin/bin/../../lib/gcc/pic32mx/8.3.1/../../../../pic32mx/lib\libc-musl.a(toupper.o)
 .mdebug.abi32  0x00000000a0000104        0x0 e:/programs/microchip/xc32/v4.00/bin/bin/../../lib/gcc/pic32mx/8.3.1/../../../../pic32mx/lib\libc-musl.a(__int_vfprintf.o)
 .mdebug.abi32  0x00000000a0000104        0x0 e:/programs/microchip/xc32/v4.00/bin/bin/../../lib/gcc/pic32mx/8.3.1/../../../../pic32mx/lib\libc-musl.a(fputs.o)
 .mdebug.abi32  0x00000000a0000104        0x0 e:/programs/microchip/xc32/v4.00/bin/bin/../../lib/gcc/pic32mx/8.3.1/../../../../pic32mx/lib\libc-musl.a(__fopen.o)
 .mdebug.abi32  0x00000000a0000104        0x0 e:/programs/microchip/xc32/v4.00/bin/bin/../../lib/gcc/pic32mx/8.3.1/../../../../pic32mx/lib\libc-musl.a(__io_init_needed.o)
 .mdebug.abi32  0x00000000a0000104        0x0 e:/programs/microchip/xc32/v4.00/bin/bin/../../lib/gcc/pic32mx/8.3.1/../../../../pic32mx/lib\libc-musl.a(__out.o)
 .mdebug.abi32  0x00000000a0000104        0x0 e:/programs/microchip/xc32/v4.00/bin/bin/../../lib/gcc/pic32mx/8.3.1/../../../../pic32mx/lib\libc-musl.a(__pop_float.o)
 .mdebug.abi32  0x00000000a0000104        0x0 e:/programs/microchip/xc32/v4.00/bin/bin/../../lib/gcc/pic32mx/8.3.1/../../../../pic32mx/lib\libc-musl.a(__pop_int.o)
 .mdebug.abi32  0x00000000a0000104        0x0 e:/programs/microchip/xc32/v4.00/bin/bin/../../lib/gcc/pic32mx/8.3.1/../../../../pic32mx/lib\libc-musl.a(__pop_ptr.o)
 .mdebug.abi32  0x00000000a0000104        0x0 e:/programs/microchip/xc32/v4.00/bin/bin/../../lib/gcc/pic32mx/8.3.1/../../../../pic32mx/lib\libc-musl.a(__stdio_close.o)
 .mdebug.abi32  0x00000000a0000104        0x0 e:/programs/microchip/xc32/v4.00/bin/bin/../../lib/gcc/pic32mx/8.3.1/../../../../pic32mx/lib\libc-musl.a(fwrite.o)
 .mdebug.abi32  0x00000000a0000104        0x0 e:/programs/microchip/xc32/v4.00/bin/bin/../../lib/gcc/pic32mx/8.3.1/../../../../pic32mx/lib\libc-musl.a(putc.o)
 .mdebug.abi32  0x00000000a0000104        0x0 e:/programs/microchip/xc32/v4.00/bin/bin/../../lib/gcc/pic32mx/8.3.1/../../../../pic32mx/lib\libc-musl.a(malloc.o)
 .mdebug.abi32  0x00000000a0000104        0x0 e:/programs/microchip/xc32/v4.00/bin/bin/../../lib/gcc/pic32mx/8.3.1/../../../../pic32mx/lib\libc-musl.a(expand_heap.o)
 .mdebug.abi32  0x00000000a0000104        0x0 e:/programs/microchip/xc32/v4.00/bin/bin/../../lib/gcc/pic32mx/8.3.1/../../../../pic32mx/lib\libc-musl.a(__init_stdio.o)
 .mdebug.abi32  0x00000000a0000104        0x0 e:/programs/microchip/xc32/v4.00/bin/bin/../../lib/gcc/pic32mx/8.3.1/../../../../pic32mx/lib\libc-musl.a(__io_file_needed.o)
 .mdebug.abi32  0x00000000a0000104        0x0 e:/programs/microchip/xc32/v4.00/bin/bin/../../lib/gcc/pic32mx/8.3.1/../../../../pic32mx/lib\libc-musl.a(libc.o)
 .mdebug.abi32  0x00000000a0000104        0x0 e:/programs/microchip/xc32/v4.00/bin/bin/../../lib/gcc/pic32mx/8.3.1/../../../../pic32mx/lib\libpic32.a(sbrk.o)
 .mdebug.abi32  0x00000000a0000104        0x0 e:/programs/microchip/xc32/v4.00/bin/bin/../../lib/gcc/pic32mx/8.3.1/../../../../pic32mx/lib\libpic32.a(write.o)
 .mdebug.abi32  0x00000000a0000104        0x0 e:/programs/microchip/xc32/v4.00/bin/bin/../../lib/gcc/pic32mx/8.3.1/../../../../pic32mx/lib\libpic32.a(lseek.o)
 .mdebug.abi32  0x00000000a0000104        0x0 e:/programs/microchip/xc32/v4.00/bin/bin/../../lib/gcc/pic32mx/8.3.1/../../../../pic32mx/lib\libpic32.a(close.o)
 .mdebug.abi32  0x00000000a0000104        0x0 e:/programs/microchip/xc32/v4.00/bin/bin/../../lib/gcc/pic32mx/8.3.1/../../../../pic32mx/lib\libpic32.a(errno.o)
 .mdebug.abi32  0x00000000a0000104        0x0 e:/programs/microchip/xc32/v4.00/bin/bin/../../lib/gcc/pic32mx/8.3.1\libgcc.a(_lshrdi3.o)
 .mdebug.abi32  0x00000000a0000104        0x0 e:/programs/microchip/xc32/v4.00/bin/bin/../../lib/gcc/pic32mx/8.3.1\libgcc.a(_ashldi3.o)
 .mdebug.abi32  0x00000000a0000104        0x0 e:/programs/microchip/xc32/v4.00/bin/bin/../../lib/gcc/pic32mx/8.3.1\libgcc.a(_udivdi3.o)
 .mdebug.abi32  0x00000000a0000104        0x0 e:/programs/microchip/xc32/v4.00/bin/bin/../../lib/gcc/pic32mx/8.3.1\libgcc.a(_umoddi3.o)

.mdebug.abiN32
 *(.mdebug.abiN32)

.mdebug.abi64
 *(.mdebug.abi64)

.mdebug.abiO64
 *(.mdebug.abiO64)

.mdebug.eabi32
 *(.mdebug.eabi32)

.mdebug.eabi64
 *(.mdebug.eabi64)

.gcc_compiled_long32
 *(.gcc_compiled_long32)

.gcc_compiled_long64
 *(.gcc_compiled_long64)

.stab
 *(.stab)

.stabstr
 *(.stabstr)

.stab.excl
 *(.stab.excl)

.stab.exclstr
 *(.stab.exclstr)

.stab.index
 *(.stab.index)

.stab.indexstr
 *(.stab.indexstr)

.comment        0x0000000000000000       0x9e
 *(.comment)
 .comment       0x0000000000000000       0x53 build/default/production/Movement.o
                                         0x54 (size before relaxing)
 .comment       0x0000000000000053       0x54 build/default/production/BumperService.o
 .comment       0x0000000000000053       0x54 build/default/production/TemplateEventChecker.o
 .comment       0x0000000000000053       0x54 build/default/production/TapeSensorService.o
 .comment       0x0000000000000053       0x54 build/default/production/ES_Main.o
 .comment       0x0000000000000053       0x54 build/default/production/_ext/1053023675/AD.o
 .comment       0x0000000000000053       0x54 build/default/production/_ext/1053023675/BOARD.o
 .comment       0x0000000000000053       0x54 build/default/production/_ext/1053023675/ES_CheckEvents.o
 .comment       0x0000000000000053       0x54 build/default/production/_ext/1053023675/ES_Framework.o
 .comment       0x0000000000000053       0x54 build/default/production/_ext/1053023675/ES_KeyboardInput.o
 .comment       0x0000000000000053       0x54 build/default/production/_ext/1053023675/ES_PostList.o
 .comment       0x0000000000000053       0x54 build/default/production/_ext/1053023675/ES_Queue.o
 .comment       0x0000000000000053       0x54 build/default/production/_ext/1053023675/ES_TattleTale.o
 .comment       0x0000000000000053       0x54 build/default/production/_ext/1053023675/ES_Timers.o
 .comment       0x0000000000000053       0x54 build/default/production/_ext/1053023675/IO_Ports.o
 .comment       0x0000000000000053       0x54 build/default/production/_ext/1053023675/LED.o
 .comment       0x0000000000000053       0x54 build/default/production/_ext/1053023675/RC_Servo.o
 .comment       0x0000000000000053       0x54 build/default/production/_ext/1053023675/pwm.o
 .comment       0x0000000000000053       0x54 build/default/production/_ext/1053023675/serial.o
 .comment       0x0000000000000053       0x54 build/default/production/_ext/1053023675/timers.o
 .comment       0x0000000000000053       0x54 build/default/production/BeaconService.o
 .comment       0x0000000000000053       0x54 build/default/production/HSM.o
 .comment       0x0000000000000053       0x54 build/default/production/StartSubHSM.o
 .comment       0x0000000000000053       0x54 build/default/production/ShootOn1SubHSM.o
 .comment       0x0000000000000053       0x54 build/default/production/FireSubHSM.o
 .comment       0x0000000000000053       0x54 build/default/production/ShootOn2SubHSM.o
 .comment       0x0000000000000053       0x54 build/default/production/ReloadSubHSM.o
 .comment       0x0000000000000053       0x54 e:/programs/microchip/xc32/v4.00/bin/bin/../../lib/gcc/pic32mx/8.3.1\libgcc.a(floatunsisf.o)
 .comment       0x0000000000000053       0x54 e:/programs/microchip/xc32/v4.00/bin/bin/../../lib/gcc/pic32mx/8.3.1/../../../../pic32mx/lib\libpic32.a(default-bootstrap-exception-handler.o)
 .comment       0x0000000000000053       0x54 e:/programs/microchip/xc32/v4.00/bin/bin/../../lib/gcc/pic32mx/8.3.1/../../../../pic32mx/lib\libpic32.a(default-on-reset.o)
 .comment       0x0000000000000053       0x54 e:/programs/microchip/xc32/v4.00/bin/bin/../../lib/gcc/pic32mx/8.3.1/../../../../pic32mx/lib\libpic32.a(default-on-bootstrap.o)
 .comment       0x0000000000000053       0x54 e:/programs/microchip/xc32/v4.00/bin/bin/../../lib/gcc/pic32mx/8.3.1/../../../../pic32mx/lib\libpic32.a(default-general-exception-handler.o)
 .comment       0x0000000000000053       0x54 e:/programs/microchip/xc32/v4.00/bin/bin/../../lib/gcc/pic32mx/8.3.1/../../../../pic32mx/lib\libpic32.a(defaultinterrupt.o)
 .comment       0x0000000000000053       0x54 e:/programs/microchip/xc32/v4.00/bin/bin/../../lib/gcc/pic32mx/8.3.1/../../../../pic32mx/lib\libc-musl.a(__sio_printf_0.o)
 .comment       0x0000000000000053       0x54 e:/programs/microchip/xc32/v4.00/bin/bin/../../lib/gcc/pic32mx/8.3.1/../../../../pic32mx/lib\libc-musl.a(__sio_printf_dosux.o)
 .comment       0x0000000000000053       0x54 e:/programs/microchip/xc32/v4.00/bin/bin/../../lib/gcc/pic32mx/8.3.1/../../../../pic32mx/lib\libc-musl.a(__sio_printf_doux.o)
 .comment       0x0000000000000053       0x54 e:/programs/microchip/xc32/v4.00/bin/bin/../../lib/gcc/pic32mx/8.3.1/../../../../pic32mx/lib\libc-musl.a(__fmt_d.o)
 .comment       0x0000000000000053       0x54 e:/programs/microchip/xc32/v4.00/bin/bin/../../lib/gcc/pic32mx/8.3.1/../../../../pic32mx/lib\libc-musl.a(__fmt_o.o)
 .comment       0x0000000000000053       0x54 e:/programs/microchip/xc32/v4.00/bin/bin/../../lib/gcc/pic32mx/8.3.1/../../../../pic32mx/lib\libc-musl.a(__fmt_s.o)
 .comment       0x0000000000000053       0x54 e:/programs/microchip/xc32/v4.00/bin/bin/../../lib/gcc/pic32mx/8.3.1/../../../../pic32mx/lib\libc-musl.a(__fmt_u.o)
 .comment       0x0000000000000053       0x54 e:/programs/microchip/xc32/v4.00/bin/bin/../../lib/gcc/pic32mx/8.3.1/../../../../pic32mx/lib\libc-musl.a(__fmt_x.o)
 .comment       0x0000000000000053       0x54 e:/programs/microchip/xc32/v4.00/bin/bin/../../lib/gcc/pic32mx/8.3.1/../../../../pic32mx/lib\libc-musl.a(__printf_core.o)
 .comment       0x0000000000000053       0x54 e:/programs/microchip/xc32/v4.00/bin/bin/../../lib/gcc/pic32mx/8.3.1/../../../../pic32mx/lib\libc-musl.a(stdout.o)
 .comment       0x0000000000000053       0x54 e:/programs/microchip/xc32/v4.00/bin/bin/../../lib/gcc/pic32mx/8.3.1/../../../../pic32mx/lib\libc-musl.a(puts.o)
 .comment       0x0000000000000053       0x54 e:/programs/microchip/xc32/v4.00/bin/bin/../../lib/gcc/pic32mx/8.3.1/../../../../pic32mx/lib\libc-musl.a(atoi.o)
 .comment       0x0000000000000053       0x54 e:/programs/microchip/xc32/v4.00/bin/bin/../../lib/gcc/pic32mx/8.3.1/../../../../pic32mx/lib\libc-musl.a(memcpy.o)
 .comment       0x0000000000000053       0x54 e:/programs/microchip/xc32/v4.00/bin/bin/../../lib/gcc/pic32mx/8.3.1/../../../../pic32mx/lib\libc-musl.a(memset.o)
 .comment       0x0000000000000053       0x54 e:/programs/microchip/xc32/v4.00/bin/bin/../../lib/gcc/pic32mx/8.3.1/../../../../pic32mx/lib\libc-musl.a(strlen.o)
 .comment       0x0000000000000053       0x54 e:/programs/microchip/xc32/v4.00/bin/bin/../../lib/gcc/pic32mx/8.3.1/../../../../pic32mx/lib\libc-musl.a(tolower.o)
 .comment       0x0000000000000053       0x54 e:/programs/microchip/xc32/v4.00/bin/bin/../../lib/gcc/pic32mx/8.3.1/../../../../pic32mx/lib\libc-musl.a(toupper.o)
 .comment       0x0000000000000053       0x54 e:/programs/microchip/xc32/v4.00/bin/bin/../../lib/gcc/pic32mx/8.3.1/../../../../pic32mx/lib\libc-musl.a(__int_vfprintf.o)
 .comment       0x0000000000000053       0x54 e:/programs/microchip/xc32/v4.00/bin/bin/../../lib/gcc/pic32mx/8.3.1/../../../../pic32mx/lib\libc-musl.a(fputs.o)
 .comment       0x0000000000000053       0x54 e:/programs/microchip/xc32/v4.00/bin/bin/../../lib/gcc/pic32mx/8.3.1/../../../../pic32mx/lib\libc-musl.a(__fopen.o)
 .comment       0x0000000000000053       0x54 e:/programs/microchip/xc32/v4.00/bin/bin/../../lib/gcc/pic32mx/8.3.1/../../../../pic32mx/lib\libc-musl.a(__io_init_needed.o)
 .comment       0x0000000000000053       0x54 e:/programs/microchip/xc32/v4.00/bin/bin/../../lib/gcc/pic32mx/8.3.1/../../../../pic32mx/lib\libc-musl.a(__out.o)
 .comment       0x0000000000000053       0x54 e:/programs/microchip/xc32/v4.00/bin/bin/../../lib/gcc/pic32mx/8.3.1/../../../../pic32mx/lib\libc-musl.a(__pop_float.o)
 .comment       0x0000000000000053       0x54 e:/programs/microchip/xc32/v4.00/bin/bin/../../lib/gcc/pic32mx/8.3.1/../../../../pic32mx/lib\libc-musl.a(__pop_int.o)
 .comment       0x0000000000000053       0x54 e:/programs/microchip/xc32/v4.00/bin/bin/../../lib/gcc/pic32mx/8.3.1/../../../../pic32mx/lib\libc-musl.a(__pop_ptr.o)
 .comment       0x0000000000000053       0x54 e:/programs/microchip/xc32/v4.00/bin/bin/../../lib/gcc/pic32mx/8.3.1/../../../../pic32mx/lib\libc-musl.a(__stdio_close.o)
 .comment       0x0000000000000053       0x54 e:/programs/microchip/xc32/v4.00/bin/bin/../../lib/gcc/pic32mx/8.3.1/../../../../pic32mx/lib\libc-musl.a(fwrite.o)
 .comment       0x0000000000000053       0x54 e:/programs/microchip/xc32/v4.00/bin/bin/../../lib/gcc/pic32mx/8.3.1/../../../../pic32mx/lib\libc-musl.a(putc.o)
 .comment       0x0000000000000053       0x54 e:/programs/microchip/xc32/v4.00/bin/bin/../../lib/gcc/pic32mx/8.3.1/../../../../pic32mx/lib\libc-musl.a(malloc.o)
 .comment       0x0000000000000053       0x54 e:/programs/microchip/xc32/v4.00/bin/bin/../../lib/gcc/pic32mx/8.3.1/../../../../pic32mx/lib\libc-musl.a(expand_heap.o)
 .comment       0x0000000000000053       0x54 e:/programs/microchip/xc32/v4.00/bin/bin/../../lib/gcc/pic32mx/8.3.1/../../../../pic32mx/lib\libc-musl.a(__init_stdio.o)
 .comment       0x0000000000000053       0x54 e:/programs/microchip/xc32/v4.00/bin/bin/../../lib/gcc/pic32mx/8.3.1/../../../../pic32mx/lib\libc-musl.a(__io_file_needed.o)
 .comment       0x0000000000000053       0x54 e:/programs/microchip/xc32/v4.00/bin/bin/../../lib/gcc/pic32mx/8.3.1/../../../../pic32mx/lib\libc-musl.a(libc.o)
 .comment       0x0000000000000053       0x4b e:/programs/microchip/xc32/v4.00/bin/bin/../../lib/gcc/pic32mx/8.3.1/../../../../pic32mx/lib\libpic32.a(sbrk.o)
                                         0x9f (size before relaxing)
 .comment       0x000000000000009e       0x54 e:/programs/microchip/xc32/v4.00/bin/bin/../../lib/gcc/pic32mx/8.3.1/../../../../pic32mx/lib\libpic32.a(write.o)
 .comment       0x000000000000009e       0x54 e:/programs/microchip/xc32/v4.00/bin/bin/../../lib/gcc/pic32mx/8.3.1/../../../../pic32mx/lib\libpic32.a(lseek.o)
 .comment       0x000000000000009e       0x54 e:/programs/microchip/xc32/v4.00/bin/bin/../../lib/gcc/pic32mx/8.3.1/../../../../pic32mx/lib\libpic32.a(close.o)
 .comment       0x000000000000009e       0x54 e:/programs/microchip/xc32/v4.00/bin/bin/../../lib/gcc/pic32mx/8.3.1/../../../../pic32mx/lib\libpic32.a(errno.o)
 .comment       0x000000000000009e       0x54 e:/programs/microchip/xc32/v4.00/bin/bin/../../lib/gcc/pic32mx/8.3.1\libgcc.a(_lshrdi3.o)
 .comment       0x000000000000009e       0x54 e:/programs/microchip/xc32/v4.00/bin/bin/../../lib/gcc/pic32mx/8.3.1\libgcc.a(_ashldi3.o)
 .comment       0x000000000000009e       0x54 e:/programs/microchip/xc32/v4.00/bin/bin/../../lib/gcc/pic32mx/8.3.1\libgcc.a(_udivdi3.o)
 .comment       0x000000000000009e       0x54 e:/programs/microchip/xc32/v4.00/bin/bin/../../lib/gcc/pic32mx/8.3.1\libgcc.a(_umoddi3.o)

.debug
 *(.debug)

.line
 *(.line)

.debug_srcinfo
 *(.debug_srcinfo)

.debug_sfnames
 *(.debug_sfnames)

.debug_aranges  0x0000000000000000      0xa48
 *(.debug_aranges)
 .debug_aranges
                0x0000000000000000       0x20 build/default/production/Movement.o
 .debug_aranges
                0x0000000000000020       0x20 build/default/production/BumperService.o
 .debug_aranges
                0x0000000000000040       0x20 build/default/production/TemplateEventChecker.o
 .debug_aranges
                0x0000000000000060       0x20 build/default/production/TapeSensorService.o
 .debug_aranges
                0x0000000000000080       0x20 build/default/production/ES_Main.o
 .debug_aranges
                0x00000000000000a0       0x20 build/default/production/_ext/1053023675/AD.o
 .debug_aranges
                0x00000000000000c0       0x20 build/default/production/_ext/1053023675/BOARD.o
 .debug_aranges
                0x00000000000000e0       0x20 build/default/production/_ext/1053023675/ES_CheckEvents.o
 .debug_aranges
                0x0000000000000100       0x20 build/default/production/_ext/1053023675/ES_Framework.o
 .debug_aranges
                0x0000000000000120       0x20 build/default/production/_ext/1053023675/ES_KeyboardInput.o
 .debug_aranges
                0x0000000000000140       0x18 build/default/production/_ext/1053023675/ES_PostList.o
 .debug_aranges
                0x0000000000000158       0x20 build/default/production/_ext/1053023675/ES_Queue.o
 .debug_aranges
                0x0000000000000178       0x18 build/default/production/_ext/1053023675/ES_TattleTale.o
 .debug_aranges
                0x0000000000000190       0x20 build/default/production/_ext/1053023675/ES_Timers.o
 .debug_aranges
                0x00000000000001b0       0x20 build/default/production/_ext/1053023675/IO_Ports.o
 .debug_aranges
                0x00000000000001d0       0x20 build/default/production/_ext/1053023675/LED.o
 .debug_aranges
                0x00000000000001f0       0x20 build/default/production/_ext/1053023675/RC_Servo.o
 .debug_aranges
                0x0000000000000210       0x20 build/default/production/_ext/1053023675/pwm.o
 .debug_aranges
                0x0000000000000230       0x20 build/default/production/_ext/1053023675/serial.o
 .debug_aranges
                0x0000000000000250       0x20 build/default/production/_ext/1053023675/timers.o
 .debug_aranges
                0x0000000000000270       0x20 build/default/production/BeaconService.o
 .debug_aranges
                0x0000000000000290       0x20 build/default/production/HSM.o
 .debug_aranges
                0x00000000000002b0       0x20 build/default/production/StartSubHSM.o
 .debug_aranges
                0x00000000000002d0       0x20 build/default/production/ShootOn1SubHSM.o
 .debug_aranges
                0x00000000000002f0       0x20 build/default/production/FireSubHSM.o
 .debug_aranges
                0x0000000000000310       0x20 build/default/production/ShootOn2SubHSM.o
 .debug_aranges
                0x0000000000000330       0x20 build/default/production/ReloadSubHSM.o
 .debug_aranges
                0x0000000000000350       0x20 e:/programs/microchip/xc32/v4.00/bin/bin/../../lib/gcc/pic32mx/8.3.1\libgcc.a(floatunsisf.o)
 .debug_aranges
                0x0000000000000370       0x20 e:/programs/microchip/xc32/v4.00/bin/bin/../../lib/gcc/pic32mx/8.3.1/../../../../pic32mx/lib\libpic32.a(default-bootstrap-exception-handler.o)
 .debug_aranges
                0x0000000000000390       0x20 e:/programs/microchip/xc32/v4.00/bin/bin/../../lib/gcc/pic32mx/8.3.1/../../../../pic32mx/lib\libpic32.a(default-on-reset.o)
 .debug_aranges
                0x00000000000003b0       0x20 e:/programs/microchip/xc32/v4.00/bin/bin/../../lib/gcc/pic32mx/8.3.1/../../../../pic32mx/lib\libpic32.a(default-on-bootstrap.o)
 .debug_aranges
                0x00000000000003d0       0x20 e:/programs/microchip/xc32/v4.00/bin/bin/../../lib/gcc/pic32mx/8.3.1/../../../../pic32mx/lib\libpic32.a(default-general-exception-handler.o)
 .debug_aranges
                0x00000000000003f0       0x20 e:/programs/microchip/xc32/v4.00/bin/bin/../../lib/gcc/pic32mx/8.3.1/../../../../pic32mx/lib\libpic32.a(defaultinterrupt.o)
 .debug_aranges
                0x0000000000000410       0x28 e:/programs/microchip/xc32/v4.00/bin/bin/../../lib/gcc/pic32mx/8.3.1/../../../../pic32mx/lib\libc-musl.a(__sio_printf_0.o)
 .debug_aranges
                0x0000000000000438       0x28 e:/programs/microchip/xc32/v4.00/bin/bin/../../lib/gcc/pic32mx/8.3.1/../../../../pic32mx/lib\libc-musl.a(__sio_printf_dosux.o)
 .debug_aranges
                0x0000000000000460       0x28 e:/programs/microchip/xc32/v4.00/bin/bin/../../lib/gcc/pic32mx/8.3.1/../../../../pic32mx/lib\libc-musl.a(__sio_printf_doux.o)
 .debug_aranges
                0x0000000000000488       0x20 e:/programs/microchip/xc32/v4.00/bin/bin/../../lib/gcc/pic32mx/8.3.1/../../../../pic32mx/lib\libc-musl.a(__fmt_d.o)
 .debug_aranges
                0x00000000000004a8       0x20 e:/programs/microchip/xc32/v4.00/bin/bin/../../lib/gcc/pic32mx/8.3.1/../../../../pic32mx/lib\libc-musl.a(__fmt_o.o)
 .debug_aranges
                0x00000000000004c8       0x20 e:/programs/microchip/xc32/v4.00/bin/bin/../../lib/gcc/pic32mx/8.3.1/../../../../pic32mx/lib\libc-musl.a(__fmt_s.o)
 .debug_aranges
                0x00000000000004e8       0x28 e:/programs/microchip/xc32/v4.00/bin/bin/../../lib/gcc/pic32mx/8.3.1/../../../../pic32mx/lib\libc-musl.a(__fmt_u.o)
 .debug_aranges
                0x0000000000000510       0x20 e:/programs/microchip/xc32/v4.00/bin/bin/../../lib/gcc/pic32mx/8.3.1/../../../../pic32mx/lib\libc-musl.a(__fmt_x.o)
 .debug_aranges
                0x0000000000000530       0x50 e:/programs/microchip/xc32/v4.00/bin/bin/../../lib/gcc/pic32mx/8.3.1/../../../../pic32mx/lib\libc-musl.a(__printf_core.o)
 .debug_aranges
                0x0000000000000580       0x28 e:/programs/microchip/xc32/v4.00/bin/bin/../../lib/gcc/pic32mx/8.3.1/../../../../pic32mx/lib\libc-musl.a(stdout.o)
 .debug_aranges
                0x00000000000005a8       0x20 e:/programs/microchip/xc32/v4.00/bin/bin/../../lib/gcc/pic32mx/8.3.1/../../../../pic32mx/lib\libc-musl.a(puts.o)
 .debug_aranges
                0x00000000000005c8       0x20 e:/programs/microchip/xc32/v4.00/bin/bin/../../lib/gcc/pic32mx/8.3.1/../../../../pic32mx/lib\libc-musl.a(atoi.o)
 .debug_aranges
                0x00000000000005e8       0x20 e:/programs/microchip/xc32/v4.00/bin/bin/../../lib/gcc/pic32mx/8.3.1/../../../../pic32mx/lib\libc-musl.a(memcpy.o)
 .debug_aranges
                0x0000000000000608       0x20 e:/programs/microchip/xc32/v4.00/bin/bin/../../lib/gcc/pic32mx/8.3.1/../../../../pic32mx/lib\libc-musl.a(memset.o)
 .debug_aranges
                0x0000000000000628       0x20 e:/programs/microchip/xc32/v4.00/bin/bin/../../lib/gcc/pic32mx/8.3.1/../../../../pic32mx/lib\libc-musl.a(strlen.o)
 .debug_aranges
                0x0000000000000648       0x28 e:/programs/microchip/xc32/v4.00/bin/bin/../../lib/gcc/pic32mx/8.3.1/../../../../pic32mx/lib\libc-musl.a(tolower.o)
 .debug_aranges
                0x0000000000000670       0x28 e:/programs/microchip/xc32/v4.00/bin/bin/../../lib/gcc/pic32mx/8.3.1/../../../../pic32mx/lib\libc-musl.a(toupper.o)
 .debug_aranges
                0x0000000000000698       0x20 e:/programs/microchip/xc32/v4.00/bin/bin/../../lib/gcc/pic32mx/8.3.1/../../../../pic32mx/lib\libc-musl.a(__int_vfprintf.o)
 .debug_aranges
                0x00000000000006b8       0x20 e:/programs/microchip/xc32/v4.00/bin/bin/../../lib/gcc/pic32mx/8.3.1/../../../../pic32mx/lib\libc-musl.a(fputs.o)
 .debug_aranges
                0x00000000000006d8       0x30 e:/programs/microchip/xc32/v4.00/bin/bin/../../lib/gcc/pic32mx/8.3.1/../../../../pic32mx/lib\libc-musl.a(__fopen.o)
 .debug_aranges
                0x0000000000000708       0x28 e:/programs/microchip/xc32/v4.00/bin/bin/../../lib/gcc/pic32mx/8.3.1/../../../../pic32mx/lib\libc-musl.a(__io_init_needed.o)
 .debug_aranges
                0x0000000000000730       0x28 e:/programs/microchip/xc32/v4.00/bin/bin/../../lib/gcc/pic32mx/8.3.1/../../../../pic32mx/lib\libc-musl.a(__out.o)
 .debug_aranges
                0x0000000000000758       0x20 e:/programs/microchip/xc32/v4.00/bin/bin/../../lib/gcc/pic32mx/8.3.1/../../../../pic32mx/lib\libc-musl.a(__pop_float.o)
 .debug_aranges
                0x0000000000000778       0x20 e:/programs/microchip/xc32/v4.00/bin/bin/../../lib/gcc/pic32mx/8.3.1/../../../../pic32mx/lib\libc-musl.a(__pop_int.o)
 .debug_aranges
                0x0000000000000798       0x20 e:/programs/microchip/xc32/v4.00/bin/bin/../../lib/gcc/pic32mx/8.3.1/../../../../pic32mx/lib\libc-musl.a(__pop_ptr.o)
 .debug_aranges
                0x00000000000007b8       0x28 e:/programs/microchip/xc32/v4.00/bin/bin/../../lib/gcc/pic32mx/8.3.1/../../../../pic32mx/lib\libc-musl.a(__stdio_close.o)
 .debug_aranges
                0x00000000000007e0       0x28 e:/programs/microchip/xc32/v4.00/bin/bin/../../lib/gcc/pic32mx/8.3.1/../../../../pic32mx/lib\libc-musl.a(fwrite.o)
 .debug_aranges
                0x0000000000000808       0x30 e:/programs/microchip/xc32/v4.00/bin/bin/../../lib/gcc/pic32mx/8.3.1/../../../../pic32mx/lib\libc-musl.a(putc.o)
 .debug_aranges
                0x0000000000000838       0x70 e:/programs/microchip/xc32/v4.00/bin/bin/../../lib/gcc/pic32mx/8.3.1/../../../../pic32mx/lib\libc-musl.a(malloc.o)
 .debug_aranges
                0x00000000000008a8       0x20 e:/programs/microchip/xc32/v4.00/bin/bin/../../lib/gcc/pic32mx/8.3.1/../../../../pic32mx/lib\libc-musl.a(expand_heap.o)
 .debug_aranges
                0x00000000000008c8       0x28 e:/programs/microchip/xc32/v4.00/bin/bin/../../lib/gcc/pic32mx/8.3.1/../../../../pic32mx/lib\libc-musl.a(__init_stdio.o)
 .debug_aranges
                0x00000000000008f0       0x20 e:/programs/microchip/xc32/v4.00/bin/bin/../../lib/gcc/pic32mx/8.3.1/../../../../pic32mx/lib\libc-musl.a(__io_file_needed.o)
 .debug_aranges
                0x0000000000000910       0x18 e:/programs/microchip/xc32/v4.00/bin/bin/../../lib/gcc/pic32mx/8.3.1/../../../../pic32mx/lib\libc-musl.a(libc.o)
 .debug_aranges
                0x0000000000000928       0x40 e:/programs/microchip/xc32/v4.00/bin/bin/../../lib/gcc/pic32mx/8.3.1/../../../../pic32mx/lib\libpic32.a(sbrk.o)
 .debug_aranges
                0x0000000000000968       0x20 e:/programs/microchip/xc32/v4.00/bin/bin/../../lib/gcc/pic32mx/8.3.1/../../../../pic32mx/lib\libpic32.a(write.o)
 .debug_aranges
                0x0000000000000988       0x20 e:/programs/microchip/xc32/v4.00/bin/bin/../../lib/gcc/pic32mx/8.3.1/../../../../pic32mx/lib\libpic32.a(lseek.o)
 .debug_aranges
                0x00000000000009a8       0x20 e:/programs/microchip/xc32/v4.00/bin/bin/../../lib/gcc/pic32mx/8.3.1/../../../../pic32mx/lib\libpic32.a(close.o)
 .debug_aranges
                0x00000000000009c8       0x20 e:/programs/microchip/xc32/v4.00/bin/bin/../../lib/gcc/pic32mx/8.3.1\libgcc.a(_lshrdi3.o)
 .debug_aranges
                0x00000000000009e8       0x20 e:/programs/microchip/xc32/v4.00/bin/bin/../../lib/gcc/pic32mx/8.3.1\libgcc.a(_ashldi3.o)
 .debug_aranges
                0x0000000000000a08       0x20 e:/programs/microchip/xc32/v4.00/bin/bin/../../lib/gcc/pic32mx/8.3.1\libgcc.a(_udivdi3.o)
 .debug_aranges
                0x0000000000000a28       0x20 e:/programs/microchip/xc32/v4.00/bin/bin/../../lib/gcc/pic32mx/8.3.1\libgcc.a(_umoddi3.o)

.debug_pubnames
 *(.debug_pubnames)

.debug_info     0x0000000000000000   0x10a46a
 *(.debug_info .gnu.linkonce.wi.*)
 .debug_info    0x0000000000000000     0xaa9c build/default/production/Movement.o
 .debug_info    0x000000000000aa9c     0xaa73 build/default/production/BumperService.o
 .debug_info    0x000000000001550f      0x23b build/default/production/TemplateEventChecker.o
 .debug_info    0x000000000001574a     0xaab4 build/default/production/TapeSensorService.o
 .debug_info    0x00000000000201fe     0xa7ea build/default/production/ES_Main.o
 .debug_info    0x000000000002a9e8     0xaa2c build/default/production/_ext/1053023675/AD.o
 .debug_info    0x0000000000035414     0xa6f5 build/default/production/_ext/1053023675/BOARD.o
 .debug_info    0x000000000003fb09      0x144 build/default/production/_ext/1053023675/ES_CheckEvents.o
 .debug_info    0x000000000003fc4d     0xabff build/default/production/_ext/1053023675/ES_Framework.o
 .debug_info    0x000000000004a84c     0xa981 build/default/production/_ext/1053023675/ES_KeyboardInput.o
 .debug_info    0x00000000000551cd     0xa77e build/default/production/_ext/1053023675/ES_PostList.o
 .debug_info    0x000000000005f94b      0x364 build/default/production/_ext/1053023675/ES_Queue.o
 .debug_info    0x000000000005fcaf     0xa77e build/default/production/_ext/1053023675/ES_TattleTale.o
 .debug_info    0x000000000006a42d     0xaadd build/default/production/_ext/1053023675/ES_Timers.o
 .debug_info    0x0000000000074f0a     0xabbd build/default/production/_ext/1053023675/IO_Ports.o
 .debug_info    0x000000000007fac7     0xaa68 build/default/production/_ext/1053023675/LED.o
 .debug_info    0x000000000008a52f     0xaa82 build/default/production/_ext/1053023675/RC_Servo.o
 .debug_info    0x0000000000094fb1     0xa97d build/default/production/_ext/1053023675/pwm.o
 .debug_info    0x000000000009f92e     0xa8d9 build/default/production/_ext/1053023675/serial.o
 .debug_info    0x00000000000aa207     0xa8aa build/default/production/_ext/1053023675/timers.o
 .debug_info    0x00000000000b4ab1     0xaa2a build/default/production/BeaconService.o
 .debug_info    0x00000000000bf4db     0xaa0e build/default/production/HSM.o
 .debug_info    0x00000000000c9ee9     0xaa2c build/default/production/StartSubHSM.o
 .debug_info    0x00000000000d4915     0xaa11 build/default/production/ShootOn1SubHSM.o
 .debug_info    0x00000000000df326     0xa9c0 build/default/production/FireSubHSM.o
 .debug_info    0x00000000000e9ce6     0xa9d2 build/default/production/ShootOn2SubHSM.o
 .debug_info    0x00000000000f46b8     0xa9c0 build/default/production/ReloadSubHSM.o
 .debug_info    0x00000000000ff078       0x9d e:/programs/microchip/xc32/v4.00/bin/bin/../../lib/gcc/pic32mx/8.3.1\libgcc.a(floatunsisf.o)
 .debug_info    0x00000000000ff115       0x41 e:/programs/microchip/xc32/v4.00/bin/bin/../../lib/gcc/pic32mx/8.3.1/../../../../pic32mx/lib\libpic32.a(default-bootstrap-exception-handler.o)
 .debug_info    0x00000000000ff156       0x3f e:/programs/microchip/xc32/v4.00/bin/bin/../../lib/gcc/pic32mx/8.3.1/../../../../pic32mx/lib\libpic32.a(default-on-reset.o)
 .debug_info    0x00000000000ff195       0x3f e:/programs/microchip/xc32/v4.00/bin/bin/../../lib/gcc/pic32mx/8.3.1/../../../../pic32mx/lib\libpic32.a(default-on-bootstrap.o)
 .debug_info    0x00000000000ff1d4       0x41 e:/programs/microchip/xc32/v4.00/bin/bin/../../lib/gcc/pic32mx/8.3.1/../../../../pic32mx/lib\libpic32.a(default-general-exception-handler.o)
 .debug_info    0x00000000000ff215       0x40 e:/programs/microchip/xc32/v4.00/bin/bin/../../lib/gcc/pic32mx/8.3.1/../../../../pic32mx/lib\libpic32.a(defaultinterrupt.o)
 .debug_info    0x00000000000ff255      0x36e e:/programs/microchip/xc32/v4.00/bin/bin/../../lib/gcc/pic32mx/8.3.1/../../../../pic32mx/lib\libc-musl.a(__sio_printf_0.o)
 .debug_info    0x00000000000ff5c3      0x3ca e:/programs/microchip/xc32/v4.00/bin/bin/../../lib/gcc/pic32mx/8.3.1/../../../../pic32mx/lib\libc-musl.a(__sio_printf_dosux.o)
 .debug_info    0x00000000000ff98d      0x3ca e:/programs/microchip/xc32/v4.00/bin/bin/../../lib/gcc/pic32mx/8.3.1/../../../../pic32mx/lib\libc-musl.a(__sio_printf_doux.o)
 .debug_info    0x00000000000ffd57      0x547 e:/programs/microchip/xc32/v4.00/bin/bin/../../lib/gcc/pic32mx/8.3.1/../../../../pic32mx/lib\libc-musl.a(__fmt_d.o)
 .debug_info    0x000000000010029e      0x518 e:/programs/microchip/xc32/v4.00/bin/bin/../../lib/gcc/pic32mx/8.3.1/../../../../pic32mx/lib\libc-musl.a(__fmt_o.o)
 .debug_info    0x00000000001007b6      0x4cb e:/programs/microchip/xc32/v4.00/bin/bin/../../lib/gcc/pic32mx/8.3.1/../../../../pic32mx/lib\libc-musl.a(__fmt_s.o)
 .debug_info    0x0000000000100c81      0x5eb e:/programs/microchip/xc32/v4.00/bin/bin/../../lib/gcc/pic32mx/8.3.1/../../../../pic32mx/lib\libc-musl.a(__fmt_u.o)
 .debug_info    0x000000000010126c      0x542 e:/programs/microchip/xc32/v4.00/bin/bin/../../lib/gcc/pic32mx/8.3.1/../../../../pic32mx/lib\libc-musl.a(__fmt_x.o)
 .debug_info    0x00000000001017ae      0xc00 e:/programs/microchip/xc32/v4.00/bin/bin/../../lib/gcc/pic32mx/8.3.1/../../../../pic32mx/lib\libc-musl.a(__printf_core.o)
 .debug_info    0x00000000001023ae      0x57b e:/programs/microchip/xc32/v4.00/bin/bin/../../lib/gcc/pic32mx/8.3.1/../../../../pic32mx/lib\libc-musl.a(stdout.o)
 .debug_info    0x0000000000102929      0x555 e:/programs/microchip/xc32/v4.00/bin/bin/../../lib/gcc/pic32mx/8.3.1/../../../../pic32mx/lib\libc-musl.a(puts.o)
 .debug_info    0x0000000000102e7e       0xe7 e:/programs/microchip/xc32/v4.00/bin/bin/../../lib/gcc/pic32mx/8.3.1/../../../../pic32mx/lib\libc-musl.a(atoi.o)
 .debug_info    0x0000000000102f65       0xea e:/programs/microchip/xc32/v4.00/bin/bin/../../lib/gcc/pic32mx/8.3.1/../../../../pic32mx/lib\libc-musl.a(memcpy.o)
 .debug_info    0x000000000010304f       0xb3 e:/programs/microchip/xc32/v4.00/bin/bin/../../lib/gcc/pic32mx/8.3.1/../../../../pic32mx/lib\libc-musl.a(memset.o)
 .debug_info    0x0000000000103102       0x9c e:/programs/microchip/xc32/v4.00/bin/bin/../../lib/gcc/pic32mx/8.3.1/../../../../pic32mx/lib\libc-musl.a(strlen.o)
 .debug_info    0x000000000010319e      0x303 e:/programs/microchip/xc32/v4.00/bin/bin/../../lib/gcc/pic32mx/8.3.1/../../../../pic32mx/lib\libc-musl.a(tolower.o)
 .debug_info    0x00000000001034a1      0x303 e:/programs/microchip/xc32/v4.00/bin/bin/../../lib/gcc/pic32mx/8.3.1/../../../../pic32mx/lib\libc-musl.a(toupper.o)
 .debug_info    0x00000000001037a4      0x408 e:/programs/microchip/xc32/v4.00/bin/bin/../../lib/gcc/pic32mx/8.3.1/../../../../pic32mx/lib\libc-musl.a(__int_vfprintf.o)
 .debug_info    0x0000000000103bac      0x578 e:/programs/microchip/xc32/v4.00/bin/bin/../../lib/gcc/pic32mx/8.3.1/../../../../pic32mx/lib\libc-musl.a(fputs.o)
 .debug_info    0x0000000000104124      0x4fe e:/programs/microchip/xc32/v4.00/bin/bin/../../lib/gcc/pic32mx/8.3.1/../../../../pic32mx/lib\libc-musl.a(__fopen.o)
 .debug_info    0x0000000000104622      0x529 e:/programs/microchip/xc32/v4.00/bin/bin/../../lib/gcc/pic32mx/8.3.1/../../../../pic32mx/lib\libc-musl.a(__io_init_needed.o)
 .debug_info    0x0000000000104b4b      0x4e2 e:/programs/microchip/xc32/v4.00/bin/bin/../../lib/gcc/pic32mx/8.3.1/../../../../pic32mx/lib\libc-musl.a(__out.o)
 .debug_info    0x000000000010502d      0x3d6 e:/programs/microchip/xc32/v4.00/bin/bin/../../lib/gcc/pic32mx/8.3.1/../../../../pic32mx/lib\libc-musl.a(__pop_float.o)
 .debug_info    0x0000000000105403      0x3f0 e:/programs/microchip/xc32/v4.00/bin/bin/../../lib/gcc/pic32mx/8.3.1/../../../../pic32mx/lib\libc-musl.a(__pop_int.o)
 .debug_info    0x00000000001057f3      0x3f4 e:/programs/microchip/xc32/v4.00/bin/bin/../../lib/gcc/pic32mx/8.3.1/../../../../pic32mx/lib\libc-musl.a(__pop_ptr.o)
 .debug_info    0x0000000000105be7      0x5f6 e:/programs/microchip/xc32/v4.00/bin/bin/../../lib/gcc/pic32mx/8.3.1/../../../../pic32mx/lib\libc-musl.a(__stdio_close.o)
 .debug_info    0x00000000001061dd      0x48f e:/programs/microchip/xc32/v4.00/bin/bin/../../lib/gcc/pic32mx/8.3.1/../../../../pic32mx/lib\libc-musl.a(fwrite.o)
 .debug_info    0x000000000010666c      0x45a e:/programs/microchip/xc32/v4.00/bin/bin/../../lib/gcc/pic32mx/8.3.1/../../../../pic32mx/lib\libc-musl.a(putc.o)
 .debug_info    0x0000000000106ac6     0x108d e:/programs/microchip/xc32/v4.00/bin/bin/../../lib/gcc/pic32mx/8.3.1/../../../../pic32mx/lib\libc-musl.a(malloc.o)
 .debug_info    0x0000000000107b53      0x32f e:/programs/microchip/xc32/v4.00/bin/bin/../../lib/gcc/pic32mx/8.3.1/../../../../pic32mx/lib\libc-musl.a(expand_heap.o)
 .debug_info    0x0000000000107e82      0x503 e:/programs/microchip/xc32/v4.00/bin/bin/../../lib/gcc/pic32mx/8.3.1/../../../../pic32mx/lib\libc-musl.a(__init_stdio.o)
 .debug_info    0x0000000000108385      0x4f9 e:/programs/microchip/xc32/v4.00/bin/bin/../../lib/gcc/pic32mx/8.3.1/../../../../pic32mx/lib\libc-musl.a(__io_file_needed.o)
 .debug_info    0x000000000010887e      0x2d8 e:/programs/microchip/xc32/v4.00/bin/bin/../../lib/gcc/pic32mx/8.3.1/../../../../pic32mx/lib\libc-musl.a(libc.o)
 .debug_info    0x0000000000108b56       0xae e:/programs/microchip/xc32/v4.00/bin/bin/../../lib/gcc/pic32mx/8.3.1/../../../../pic32mx/lib\libpic32.a(sbrk.o)
 .debug_info    0x0000000000108c04       0x40 e:/programs/microchip/xc32/v4.00/bin/bin/../../lib/gcc/pic32mx/8.3.1/../../../../pic32mx/lib\libpic32.a(write.o)
 .debug_info    0x0000000000108c44       0x3f e:/programs/microchip/xc32/v4.00/bin/bin/../../lib/gcc/pic32mx/8.3.1/../../../../pic32mx/lib\libpic32.a(lseek.o)
 .debug_info    0x0000000000108c83       0x3f e:/programs/microchip/xc32/v4.00/bin/bin/../../lib/gcc/pic32mx/8.3.1/../../../../pic32mx/lib\libpic32.a(close.o)
 .debug_info    0x0000000000108cc2      0x33c e:/programs/microchip/xc32/v4.00/bin/bin/../../lib/gcc/pic32mx/8.3.1\libgcc.a(_lshrdi3.o)
 .debug_info    0x0000000000108ffe      0x33c e:/programs/microchip/xc32/v4.00/bin/bin/../../lib/gcc/pic32mx/8.3.1\libgcc.a(_ashldi3.o)
 .debug_info    0x000000000010933a      0x85c e:/programs/microchip/xc32/v4.00/bin/bin/../../lib/gcc/pic32mx/8.3.1\libgcc.a(_udivdi3.o)
 .debug_info    0x0000000000109b96      0x8d4 e:/programs/microchip/xc32/v4.00/bin/bin/../../lib/gcc/pic32mx/8.3.1\libgcc.a(_umoddi3.o)

.debug_abbrev   0x0000000000000000     0x7430
 *(.debug_abbrev)
 .debug_abbrev  0x0000000000000000      0x2b2 build/default/production/Movement.o
 .debug_abbrev  0x00000000000002b2      0x25f build/default/production/BumperService.o
 .debug_abbrev  0x0000000000000511       0xdb build/default/production/TemplateEventChecker.o
 .debug_abbrev  0x00000000000005ec      0x261 build/default/production/TapeSensorService.o
 .debug_abbrev  0x000000000000084d      0x1dd build/default/production/ES_Main.o
 .debug_abbrev  0x0000000000000a2a      0x2a5 build/default/production/_ext/1053023675/AD.o
 .debug_abbrev  0x0000000000000ccf      0x1d2 build/default/production/_ext/1053023675/BOARD.o
 .debug_abbrev  0x0000000000000ea1       0xc9 build/default/production/_ext/1053023675/ES_CheckEvents.o
 .debug_abbrev  0x0000000000000f6a      0x2d3 build/default/production/_ext/1053023675/ES_Framework.o
 .debug_abbrev  0x000000000000123d      0x27d build/default/production/_ext/1053023675/ES_KeyboardInput.o
 .debug_abbrev  0x00000000000014ba      0x1a3 build/default/production/_ext/1053023675/ES_PostList.o
 .debug_abbrev  0x000000000000165d      0x12c build/default/production/_ext/1053023675/ES_Queue.o
 .debug_abbrev  0x0000000000001789      0x1a3 build/default/production/_ext/1053023675/ES_TattleTale.o
 .debug_abbrev  0x000000000000192c      0x2b0 build/default/production/_ext/1053023675/ES_Timers.o
 .debug_abbrev  0x0000000000001bdc      0x262 build/default/production/_ext/1053023675/IO_Ports.o
 .debug_abbrev  0x0000000000001e3e      0x29e build/default/production/_ext/1053023675/LED.o
 .debug_abbrev  0x00000000000020dc      0x2de build/default/production/_ext/1053023675/RC_Servo.o
 .debug_abbrev  0x00000000000023ba      0x274 build/default/production/_ext/1053023675/pwm.o
 .debug_abbrev  0x000000000000262e      0x2ae build/default/production/_ext/1053023675/serial.o
 .debug_abbrev  0x00000000000028dc      0x21b build/default/production/_ext/1053023675/timers.o
 .debug_abbrev  0x0000000000002af7      0x261 build/default/production/BeaconService.o
 .debug_abbrev  0x0000000000002d58      0x245 build/default/production/HSM.o
 .debug_abbrev  0x0000000000002f9d      0x263 build/default/production/StartSubHSM.o
 .debug_abbrev  0x0000000000003200      0x24e build/default/production/ShootOn1SubHSM.o
 .debug_abbrev  0x000000000000344e      0x245 build/default/production/FireSubHSM.o
 .debug_abbrev  0x0000000000003693      0x24e build/default/production/ShootOn2SubHSM.o
 .debug_abbrev  0x00000000000038e1      0x245 build/default/production/ReloadSubHSM.o
 .debug_abbrev  0x0000000000003b26       0x7d e:/programs/microchip/xc32/v4.00/bin/bin/../../lib/gcc/pic32mx/8.3.1\libgcc.a(floatunsisf.o)
 .debug_abbrev  0x0000000000003ba3       0x31 e:/programs/microchip/xc32/v4.00/bin/bin/../../lib/gcc/pic32mx/8.3.1/../../../../pic32mx/lib\libpic32.a(default-bootstrap-exception-handler.o)
 .debug_abbrev  0x0000000000003bd4       0x2e e:/programs/microchip/xc32/v4.00/bin/bin/../../lib/gcc/pic32mx/8.3.1/../../../../pic32mx/lib\libpic32.a(default-on-reset.o)
 .debug_abbrev  0x0000000000003c02       0x2e e:/programs/microchip/xc32/v4.00/bin/bin/../../lib/gcc/pic32mx/8.3.1/../../../../pic32mx/lib\libpic32.a(default-on-bootstrap.o)
 .debug_abbrev  0x0000000000003c30       0x31 e:/programs/microchip/xc32/v4.00/bin/bin/../../lib/gcc/pic32mx/8.3.1/../../../../pic32mx/lib\libpic32.a(default-general-exception-handler.o)
 .debug_abbrev  0x0000000000003c61       0x31 e:/programs/microchip/xc32/v4.00/bin/bin/../../lib/gcc/pic32mx/8.3.1/../../../../pic32mx/lib\libpic32.a(defaultinterrupt.o)
 .debug_abbrev  0x0000000000003c92      0x17e e:/programs/microchip/xc32/v4.00/bin/bin/../../lib/gcc/pic32mx/8.3.1/../../../../pic32mx/lib\libc-musl.a(__sio_printf_0.o)
 .debug_abbrev  0x0000000000003e10      0x17e e:/programs/microchip/xc32/v4.00/bin/bin/../../lib/gcc/pic32mx/8.3.1/../../../../pic32mx/lib\libc-musl.a(__sio_printf_dosux.o)
 .debug_abbrev  0x0000000000003f8e      0x17e e:/programs/microchip/xc32/v4.00/bin/bin/../../lib/gcc/pic32mx/8.3.1/../../../../pic32mx/lib\libc-musl.a(__sio_printf_doux.o)
 .debug_abbrev  0x000000000000410c      0x1b0 e:/programs/microchip/xc32/v4.00/bin/bin/../../lib/gcc/pic32mx/8.3.1/../../../../pic32mx/lib\libc-musl.a(__fmt_d.o)
 .debug_abbrev  0x00000000000042bc      0x1b0 e:/programs/microchip/xc32/v4.00/bin/bin/../../lib/gcc/pic32mx/8.3.1/../../../../pic32mx/lib\libc-musl.a(__fmt_o.o)
 .debug_abbrev  0x000000000000446c      0x190 e:/programs/microchip/xc32/v4.00/bin/bin/../../lib/gcc/pic32mx/8.3.1/../../../../pic32mx/lib\libc-musl.a(__fmt_s.o)
 .debug_abbrev  0x00000000000045fc      0x1e2 e:/programs/microchip/xc32/v4.00/bin/bin/../../lib/gcc/pic32mx/8.3.1/../../../../pic32mx/lib\libc-musl.a(__fmt_u.o)
 .debug_abbrev  0x00000000000047de      0x19f e:/programs/microchip/xc32/v4.00/bin/bin/../../lib/gcc/pic32mx/8.3.1/../../../../pic32mx/lib\libc-musl.a(__fmt_x.o)
 .debug_abbrev  0x000000000000497d      0x33b e:/programs/microchip/xc32/v4.00/bin/bin/../../lib/gcc/pic32mx/8.3.1/../../../../pic32mx/lib\libc-musl.a(__printf_core.o)
 .debug_abbrev  0x0000000000004cb8      0x17f e:/programs/microchip/xc32/v4.00/bin/bin/../../lib/gcc/pic32mx/8.3.1/../../../../pic32mx/lib\libc-musl.a(stdout.o)
 .debug_abbrev  0x0000000000004e37      0x159 e:/programs/microchip/xc32/v4.00/bin/bin/../../lib/gcc/pic32mx/8.3.1/../../../../pic32mx/lib\libc-musl.a(puts.o)
 .debug_abbrev  0x0000000000004f90       0xc4 e:/programs/microchip/xc32/v4.00/bin/bin/../../lib/gcc/pic32mx/8.3.1/../../../../pic32mx/lib\libc-musl.a(atoi.o)
 .debug_abbrev  0x0000000000005054       0xbb e:/programs/microchip/xc32/v4.00/bin/bin/../../lib/gcc/pic32mx/8.3.1/../../../../pic32mx/lib\libc-musl.a(memcpy.o)
 .debug_abbrev  0x000000000000510f       0xa2 e:/programs/microchip/xc32/v4.00/bin/bin/../../lib/gcc/pic32mx/8.3.1/../../../../pic32mx/lib\libc-musl.a(memset.o)
 .debug_abbrev  0x00000000000051b1       0x91 e:/programs/microchip/xc32/v4.00/bin/bin/../../lib/gcc/pic32mx/8.3.1/../../../../pic32mx/lib\libc-musl.a(strlen.o)
 .debug_abbrev  0x0000000000005242      0x12b e:/programs/microchip/xc32/v4.00/bin/bin/../../lib/gcc/pic32mx/8.3.1/../../../../pic32mx/lib\libc-musl.a(tolower.o)
 .debug_abbrev  0x000000000000536d      0x12b e:/programs/microchip/xc32/v4.00/bin/bin/../../lib/gcc/pic32mx/8.3.1/../../../../pic32mx/lib\libc-musl.a(toupper.o)
 .debug_abbrev  0x0000000000005498      0x167 e:/programs/microchip/xc32/v4.00/bin/bin/../../lib/gcc/pic32mx/8.3.1/../../../../pic32mx/lib\libc-musl.a(__int_vfprintf.o)
 .debug_abbrev  0x00000000000055ff      0x159 e:/programs/microchip/xc32/v4.00/bin/bin/../../lib/gcc/pic32mx/8.3.1/../../../../pic32mx/lib\libc-musl.a(fputs.o)
 .debug_abbrev  0x0000000000005758      0x1a4 e:/programs/microchip/xc32/v4.00/bin/bin/../../lib/gcc/pic32mx/8.3.1/../../../../pic32mx/lib\libc-musl.a(__fopen.o)
 .debug_abbrev  0x00000000000058fc      0x130 e:/programs/microchip/xc32/v4.00/bin/bin/../../lib/gcc/pic32mx/8.3.1/../../../../pic32mx/lib\libc-musl.a(__io_init_needed.o)
 .debug_abbrev  0x0000000000005a2c      0x1b6 e:/programs/microchip/xc32/v4.00/bin/bin/../../lib/gcc/pic32mx/8.3.1/../../../../pic32mx/lib\libc-musl.a(__out.o)
 .debug_abbrev  0x0000000000005be2      0x132 e:/programs/microchip/xc32/v4.00/bin/bin/../../lib/gcc/pic32mx/8.3.1/../../../../pic32mx/lib\libc-musl.a(__pop_float.o)
 .debug_abbrev  0x0000000000005d14      0x132 e:/programs/microchip/xc32/v4.00/bin/bin/../../lib/gcc/pic32mx/8.3.1/../../../../pic32mx/lib\libc-musl.a(__pop_int.o)
 .debug_abbrev  0x0000000000005e46      0x146 e:/programs/microchip/xc32/v4.00/bin/bin/../../lib/gcc/pic32mx/8.3.1/../../../../pic32mx/lib\libc-musl.a(__pop_ptr.o)
 .debug_abbrev  0x0000000000005f8c      0x162 e:/programs/microchip/xc32/v4.00/bin/bin/../../lib/gcc/pic32mx/8.3.1/../../../../pic32mx/lib\libc-musl.a(__stdio_close.o)
 .debug_abbrev  0x00000000000060ee      0x178 e:/programs/microchip/xc32/v4.00/bin/bin/../../lib/gcc/pic32mx/8.3.1/../../../../pic32mx/lib\libc-musl.a(fwrite.o)
 .debug_abbrev  0x0000000000006266      0x165 e:/programs/microchip/xc32/v4.00/bin/bin/../../lib/gcc/pic32mx/8.3.1/../../../../pic32mx/lib\libc-musl.a(putc.o)
 .debug_abbrev  0x00000000000063cb      0x43a e:/programs/microchip/xc32/v4.00/bin/bin/../../lib/gcc/pic32mx/8.3.1/../../../../pic32mx/lib\libc-musl.a(malloc.o)
 .debug_abbrev  0x0000000000006805      0x142 e:/programs/microchip/xc32/v4.00/bin/bin/../../lib/gcc/pic32mx/8.3.1/../../../../pic32mx/lib\libc-musl.a(expand_heap.o)
 .debug_abbrev  0x0000000000006947      0x114 e:/programs/microchip/xc32/v4.00/bin/bin/../../lib/gcc/pic32mx/8.3.1/../../../../pic32mx/lib\libc-musl.a(__init_stdio.o)
 .debug_abbrev  0x0000000000006a5b      0x116 e:/programs/microchip/xc32/v4.00/bin/bin/../../lib/gcc/pic32mx/8.3.1/../../../../pic32mx/lib\libc-musl.a(__io_file_needed.o)
 .debug_abbrev  0x0000000000006b71       0xe3 e:/programs/microchip/xc32/v4.00/bin/bin/../../lib/gcc/pic32mx/8.3.1/../../../../pic32mx/lib\libc-musl.a(libc.o)
 .debug_abbrev  0x0000000000006c54       0x90 e:/programs/microchip/xc32/v4.00/bin/bin/../../lib/gcc/pic32mx/8.3.1/../../../../pic32mx/lib\libpic32.a(sbrk.o)
 .debug_abbrev  0x0000000000006ce4       0x2e e:/programs/microchip/xc32/v4.00/bin/bin/../../lib/gcc/pic32mx/8.3.1/../../../../pic32mx/lib\libpic32.a(write.o)
 .debug_abbrev  0x0000000000006d12       0x2e e:/programs/microchip/xc32/v4.00/bin/bin/../../lib/gcc/pic32mx/8.3.1/../../../../pic32mx/lib\libpic32.a(lseek.o)
 .debug_abbrev  0x0000000000006d40       0x2e e:/programs/microchip/xc32/v4.00/bin/bin/../../lib/gcc/pic32mx/8.3.1/../../../../pic32mx/lib\libpic32.a(close.o)
 .debug_abbrev  0x0000000000006d6e      0x17e e:/programs/microchip/xc32/v4.00/bin/bin/../../lib/gcc/pic32mx/8.3.1\libgcc.a(_lshrdi3.o)
 .debug_abbrev  0x0000000000006eec      0x17e e:/programs/microchip/xc32/v4.00/bin/bin/../../lib/gcc/pic32mx/8.3.1\libgcc.a(_ashldi3.o)
 .debug_abbrev  0x000000000000706a      0x1d8 e:/programs/microchip/xc32/v4.00/bin/bin/../../lib/gcc/pic32mx/8.3.1\libgcc.a(_udivdi3.o)
 .debug_abbrev  0x0000000000007242      0x1ee e:/programs/microchip/xc32/v4.00/bin/bin/../../lib/gcc/pic32mx/8.3.1\libgcc.a(_umoddi3.o)

.debug_line     0x0000000000000000     0xd791
 *(.debug_line)
 .debug_line    0x0000000000000000      0x3c6 build/default/production/Movement.o
 .debug_line    0x00000000000003c6      0x461 build/default/production/BumperService.o
 .debug_line    0x0000000000000827      0x1b1 build/default/production/TemplateEventChecker.o
 .debug_line    0x00000000000009d8      0x473 build/default/production/TapeSensorService.o
 .debug_line    0x0000000000000e4b      0x295 build/default/production/ES_Main.o
 .debug_line    0x00000000000010e0      0x4ae build/default/production/_ext/1053023675/AD.o
 .debug_line    0x000000000000158e      0x1c4 build/default/production/_ext/1053023675/BOARD.o
 .debug_line    0x0000000000001752      0x1df build/default/production/_ext/1053023675/ES_CheckEvents.o
 .debug_line    0x0000000000001931      0x40b build/default/production/_ext/1053023675/ES_Framework.o
 .debug_line    0x0000000000001d3c      0x327 build/default/production/_ext/1053023675/ES_KeyboardInput.o
 .debug_line    0x0000000000002063      0x22d build/default/production/_ext/1053023675/ES_PostList.o
 .debug_line    0x0000000000002290      0x27a build/default/production/_ext/1053023675/ES_Queue.o
 .debug_line    0x000000000000250a      0x22d build/default/production/_ext/1053023675/ES_TattleTale.o
 .debug_line    0x0000000000002737      0x3fb build/default/production/_ext/1053023675/ES_Timers.o
 .debug_line    0x0000000000002b32      0x3e0 build/default/production/_ext/1053023675/IO_Ports.o
 .debug_line    0x0000000000002f12      0x604 build/default/production/_ext/1053023675/LED.o
 .debug_line    0x0000000000003516      0x4fd build/default/production/_ext/1053023675/RC_Servo.o
 .debug_line    0x0000000000003a13      0x41e build/default/production/_ext/1053023675/pwm.o
 .debug_line    0x0000000000003e31      0x337 build/default/production/_ext/1053023675/serial.o
 .debug_line    0x0000000000004168      0x2c3 build/default/production/_ext/1053023675/timers.o
 .debug_line    0x000000000000442b      0x3a4 build/default/production/BeaconService.o
 .debug_line    0x00000000000047cf      0x402 build/default/production/HSM.o
 .debug_line    0x0000000000004bd1      0x535 build/default/production/StartSubHSM.o
 .debug_line    0x0000000000005106      0x561 build/default/production/ShootOn1SubHSM.o
 .debug_line    0x0000000000005667      0x38e build/default/production/FireSubHSM.o
 .debug_line    0x00000000000059f5      0x468 build/default/production/ShootOn2SubHSM.o
 .debug_line    0x0000000000005e5d      0x434 build/default/production/ReloadSubHSM.o
 .debug_line    0x0000000000006291       0xba e:/programs/microchip/xc32/v4.00/bin/bin/../../lib/gcc/pic32mx/8.3.1\libgcc.a(floatunsisf.o)
 .debug_line    0x000000000000634b       0xca e:/programs/microchip/xc32/v4.00/bin/bin/../../lib/gcc/pic32mx/8.3.1/../../../../pic32mx/lib\libpic32.a(default-bootstrap-exception-handler.o)
 .debug_line    0x0000000000006415       0xa6 e:/programs/microchip/xc32/v4.00/bin/bin/../../lib/gcc/pic32mx/8.3.1/../../../../pic32mx/lib\libpic32.a(default-on-reset.o)
 .debug_line    0x00000000000064bb       0xaa e:/programs/microchip/xc32/v4.00/bin/bin/../../lib/gcc/pic32mx/8.3.1/../../../../pic32mx/lib\libpic32.a(default-on-bootstrap.o)